-------------------------------------------------------------------------------
      name:  master
       log:  /Users/tom/Documents/GitHub/ivonesamplemr/cscripts/master.log
  log type:  text
 opened on:  11 Sep 2021, 16:21:00

. 
. cscript master
-------------------------------------------------------------------BEGIN master

. 
. cap noi ado describe ivonesamplemr

. 
. local cscripts ///
>     iv ///
>         ivlsmm ///
>         ivmsmm ///
>     ivtsps ///
>     ivtsri ///
>     helpfiles

. 
. foreach dofile of local cscripts {
  2.     log using `dofile'.log, text replace name(`dofile')
  3.     do `dofile'
  4.     log close `dofile'
  5. }
-------------------------------------------------------------------------------
      name:  iv
       log:  /Users/tom/Documents/GitHub/ivonesamplemr/cscripts/iv.log
  log type:  text
 opened on:  11 Sep 2021, 16:21:00

. // ivlsmm cscript
. // 2021-08-27
. 
. cscript iv adofiles iv
-----------------------------------------------------------------------BEGIN iv

-> which iv, usesysdir
/Users/tom/Documents/GitHub/ivonesamplemr/iv.ado
*! version 0.1.0 10sep2021 Tom Palmer

. 
. // simulate data
. clear

. set obs 2500
number of observations (_N) was 0, now 2,500

. set seed 12345

. gen z1 = rbinomial(2, .2)

. gen z2 = rbinomial(2, .3)

. gen z3 = rbinomial(2, .4)

. gen u = rnormal()

. gen w = rnormal()

. gen x = z1 + z2 + z3 + w + u + rnormal()

. gen logitpy = -2 + x + w + u

. gen py = invlogit(logitpy)

. gen y = rbinomial(1, py)

. gen x1 = x

. gen x2 = rnormal()

. 
. // tests
. 
. iv lsmm y (x = z1)

Final GMM criterion Q(b) =  1.36e-31

note: model is exactly identified

GMM estimation 

Number of parameters =   5
Number of moments    =   5
Initial weight matrix: Unadjusted                 Number of obs   =      2,500
GMM weight matrix:     Robust

------------------------------------------------------------------------------
             |               Robust
             |      Coef.   Std. Err.      z    P>|z|     [95% Conf. Interval]
-------------+----------------------------------------------------------------
       /xb_x |   1.238333   .0496761    24.93   0.000     1.140969    1.335696
      /xb_z1 |  -.2808945   .1005886    -2.79   0.005    -.4780446   -.0837444
         /b0 |  -2.259775   .1086805   -20.79   0.000    -2.472785   -2.046765
     /cmxb_x |   .9460553   .1080615     8.75   0.000     .7342587    1.157852
        /ey0 |    .150554   .0332163     4.53   0.000     .0854512    .2156567
------------------------------------------------------------------------------
Instruments for equation 1: x z1 _cons
Instruments for equation 2: z1 _cons

Causal odds ratio for: x

 ( 1)  [cmxb_x]_cons = 0

------------------------------------------------------------------------------
             |     exp(b)   Std. Err.      z    P>|z|     [95% Conf. Interval]
-------------+----------------------------------------------------------------
         (1) |    2.57553   .2783156     8.75   0.000     2.083937    3.183089
------------------------------------------------------------------------------

. 
. iv msmm y (x = z1 z2 z3)

Final GMM criterion Q(b) =  .0004645

Exponential mean model with endogenous regressors

Number of parameters =   2                         Number of obs  =      2,500
Number of moments    =   4
Initial weight matrix: Unadjusted
GMM weight matrix:     Robust

------------------------------------------------------------------------------
             |               Robust
           y |        IRR   Std. Err.      z    P>|z|     [95% Conf. Interval]
-------------+----------------------------------------------------------------
           x |   1.346121   .0440578     9.08   0.000      1.26248    1.435302
       _cons |     .20946   .0194699   -16.82   0.000      .174574    .2513173
------------------------------------------------------------------------------
Note: _cons estimates baseline incidence rate.
Instrumented:  x
Instruments:   z1 z2 z3

. 
. iv tsps y (x = z1 z2 z3)

Final GMM criterion Q(b) =  7.16e-33

note: model is exactly identified

GMM estimation 

Number of parameters =   6
Number of moments    =   6
Initial weight matrix: Unadjusted                 Number of obs   =      2,500
GMM weight matrix:     Robust

------------------------------------------------------------------------------
             |               Robust
             |      Coef.   Std. Err.      z    P>|z|     [95% Conf. Interval]
-------------+----------------------------------------------------------------
    /s1xb_z1 |   .9945859   .0614877    16.18   0.000     .8740722      1.1151
    /s1xb_z2 |   .9540576   .0525572    18.15   0.000     .8510474    1.057068
    /s1xb_z3 |   .9554229   .0495052    19.30   0.000     .8583944    1.052451
         /a0 |   .0842244   .0675928     1.25   0.213    -.0482551    .2167039
         /b1 |   .1070019   .0074424    14.38   0.000      .092415    .1215889
         /b0 |   .2879917   .0157401    18.30   0.000     .2571416    .3188417
------------------------------------------------------------------------------
Instruments for equation 1: z1 z2 z3 _cons
Instruments for equation 2: __000004 _cons

Causal risk difference for: b1

 ( 1)  [b1]_cons = 0

------------------------------------------------------------------------------
             |      Coef.   Std. Err.      z    P>|z|     [95% Conf. Interval]
-------------+----------------------------------------------------------------
         (1) |   .1070019   .0074424    14.38   0.000      .092415    .1215889
------------------------------------------------------------------------------

. 
. iv tsri y (x = z1 z2 z3), link(logit)

Final GMM criterion Q(b) =  3.97e-33

note: model is exactly identified

GMM estimation 

Number of parameters =   7
Number of moments    =   7
Initial weight matrix: Unadjusted                 Number of obs   =      2,500
GMM weight matrix:     Robust

------------------------------------------------------------------------------
             |               Robust
             |      Coef.   Std. Err.      z    P>|z|     [95% Conf. Interval]
-------------+----------------------------------------------------------------
    /s1xb_z1 |   .9945859   .0614877    16.18   0.000     .8740722      1.1151
    /s1xb_z2 |   .9540576   .0525572    18.15   0.000     .8510474    1.057068
    /s1xb_z3 |   .9554229   .0495052    19.30   0.000     .8583944    1.052451
         /a0 |   .0842244   .0675928     1.25   0.213    -.0482551    .2167039
         /b1 |   .8518266   .0648163    13.14   0.000      .724789    .9788641
         /b2 |   .5726491   .0694512     8.25   0.000     .4365273    .7087709
         /b0 |  -1.675875    .133441   -12.56   0.000    -1.937415   -1.414336
------------------------------------------------------------------------------
Instruments for equation 1: z1 z2 z3 _cons
Instruments for equation 2: x __000004 _cons

Causal odds ratio for: b1

 ( 1)  [b1]_cons = 0

------------------------------------------------------------------------------
             |     exp(b)   Std. Err.      z    P>|z|     [95% Conf. Interval]
-------------+----------------------------------------------------------------
         (1) |   2.343924   .1519244    13.14   0.000     2.064296    2.661431
------------------------------------------------------------------------------

Causal odds ratio for: b2

 ( 1)  [b2]_cons = 0

------------------------------------------------------------------------------
             |     exp(b)   Std. Err.      z    P>|z|     [95% Conf. Interval]
-------------+----------------------------------------------------------------
         (1) |   1.772958    .123134     8.25   0.000     1.547325    2.031493
------------------------------------------------------------------------------

. 
end of do-file
      name:  iv
       log:  /Users/tom/Documents/GitHub/ivonesamplemr/cscripts/iv.log
  log type:  text
 closed on:  11 Sep 2021, 16:21:01
-------------------------------------------------------------------------------
-------------------------------------------------------------------------------
      name:  ivlsmm
       log:  /Users/tom/Documents/GitHub/ivonesamplemr/cscripts/ivlsmm.log
  log type:  text
 opened on:  11 Sep 2021, 16:21:01

. // ivlsmm cscript
. // 2021-08-27
. 
. cscript ivlsmm adofiles ivlsmm
-------------------------------------------------------------------BEGIN ivlsmm

-> which ivlsmm, usesysdir
/Users/tom/Documents/GitHub/ivonesamplemr/ivlsmm.ado
*! 1.0.0 Tom Palmer 01sep2021

. 
. // simulate data
. clear

. set obs 2500
number of observations (_N) was 0, now 2,500

. set seed 12345

. gen z1 = rbinomial(2, .2)

. gen z2 = rbinomial(2, .3)

. gen z3 = rbinomial(2, .4)

. gen u = rnormal()

. gen w = rnormal()

. gen x = z1 + z2 + z3 + w + u + rnormal()

. gen logitpy = -2 + x + w + u

. gen py = invlogit(logitpy)

. gen y = rbinomial(1, py)

. gen x1 = x

. gen x2 = rnormal()

. 
. // tests
. 
. discard

. ivlsmm y w (x = z1)

Final GMM criterion Q(b) =  1.78e-30

note: model is exactly identified

GMM estimation 

Number of parameters =   7
Number of moments    =   7
Initial weight matrix: Unadjusted                 Number of obs   =      2,500
GMM weight matrix:     Robust

------------------------------------------------------------------------------
             |               Robust
             |      Coef.   Std. Err.      z    P>|z|     [95% Conf. Interval]
-------------+----------------------------------------------------------------
       /xb_x |   1.142773   .0515592    22.16   0.000     1.041719    1.243827
      /xb_z1 |   -.125428   .1051645    -1.19   0.233    -.3315465    .0806906
       /xb_w |   .6714291   .0708208     9.48   0.000      .532623    .8102353
         /b0 |  -2.181456   .1134677   -19.23   0.000    -2.403849   -1.959063
     /cmxb_x |   1.009534   .1131745     8.92   0.000     .7877157    1.231352
     /cmxb_w |   .8040886   .1199973     6.70   0.000     .5688983    1.039279
        /ey0 |   .1218896   .0252702     4.82   0.000     .0723609    .1714182
------------------------------------------------------------------------------
Instruments for equation 1: x z1 w _cons
Instruments for equation 2: z1 w _cons

Causal odds ratio for: x

 ( 1)  [cmxb_x]_cons = 0

------------------------------------------------------------------------------
             |     exp(b)   Std. Err.      z    P>|z|     [95% Conf. Interval]
-------------+----------------------------------------------------------------
         (1) |   2.744321   .3105872     8.92   0.000     2.198369    3.425857
------------------------------------------------------------------------------

Causal odds ratio for: w

 ( 1)  [cmxb_w]_cons = 0

------------------------------------------------------------------------------
             |     exp(b)   Std. Err.      z    P>|z|     [95% Conf. Interval]
-------------+----------------------------------------------------------------
         (1) |   2.234659   .2681529     6.70   0.000      1.76632    2.827177
------------------------------------------------------------------------------

. assert abs(_b[/cmxb_x] - 1) < 1e-2

. 
. // estimates replay
. ivlsmm

------------------------------------------------------------------------------
             |               Robust
             |      Coef.   Std. Err.      z    P>|z|     [95% Conf. Interval]
-------------+----------------------------------------------------------------
       /xb_x |   1.142773   .0515592    22.16   0.000     1.041719    1.243827
      /xb_z1 |   -.125428   .1051645    -1.19   0.233    -.3315465    .0806906
       /xb_w |   .6714291   .0708208     9.48   0.000      .532623    .8102353
         /b0 |  -2.181456   .1134677   -19.23   0.000    -2.403849   -1.959063
     /cmxb_x |   1.009534   .1131745     8.92   0.000     .7877157    1.231352
     /cmxb_w |   .8040886   .1199973     6.70   0.000     .5688983    1.039279
        /ey0 |   .1218896   .0252702     4.82   0.000     .0723609    .1714182
------------------------------------------------------------------------------

Causal odds ratio for: x

 ( 1)  [cmxb_x]_cons = 0

------------------------------------------------------------------------------
             |     exp(b)   Std. Err.      z    P>|z|     [95% Conf. Interval]
-------------+----------------------------------------------------------------
         (1) |   2.744321   .3105872     8.92   0.000     2.198369    3.425857
------------------------------------------------------------------------------

Causal odds ratio for: w

 ( 1)  [cmxb_w]_cons = 0

------------------------------------------------------------------------------
             |     exp(b)   Std. Err.      z    P>|z|     [95% Conf. Interval]
-------------+----------------------------------------------------------------
         (1) |   2.234659   .2681529     6.70   0.000      1.76632    2.827177
------------------------------------------------------------------------------

. 
. // ereturn list
. eret list

scalars:
         e(k_eq_model) =  0
              e(k_aux) =  7
               e(k_eq) =  7
          e(n_moments) =  7
                  e(k) =  7
               e(n_eq) =  2
               e(type) =  1
         e(has_xtinst) =  0
          e(converged) =  1
                e(k_2) =  7
                e(k_1) =  4
               e(J_df) =  0
                  e(J) =  4.44363770968e-27
                  e(Q) =  1.77745508387e-30
                  e(N) =  2500
               e(rank) =  7

macros:
               e(inst) : "z1"
               e(exog) : "w"
              e(endog) : "x"
                e(lhs) : "y"
            e(cmdline) : "ivlsmm y w (x = z1)"
                e(cmd) : "ivlsmm"
          e(estat_cmd) : "gmm_estat"
            e(predict) : "gmm_p"
       e(marginsnotok) : "Residuals SCores"
          e(marginsok) : "xb"
        e(marginsprop) : "allcons nochainrule"
            e(eqnames) : "1 2"
          e(technique) : "gn"
              e(winit) : "Unadjusted"
          e(estimator) : "twostep"
            e(wmatrix) : "robust"
                e(vce) : "robust"
            e(vcetype) : "Robust"
             e(params) : "xb_x xb_z1 xb_w b0 cmxb_x cmxb_w ey0"
             e(inst_2) : "z1 w _cons"
           e(params_2) : "b0 cmxb_x cmxb_w ey0"
             e(sexp_2) : "invlogit(({xb_x}*x+{xb_z1}*z1+{xb_w}*w)+{b0}-({cm.."
             e(inst_1) : "x z1 w _cons"
           e(params_1) : "xb_x xb_z1 xb_w b0"
             e(sexp_1) : "y-invlogit(({xb_x}*x+{xb_z1}*z1+{xb_w}*w)+{b0})"
         e(properties) : "b V"

matrices:
                  e(b) :  1 x 7
                  e(V) :  7 x 7
               e(init) :  1 x 7
       e(V_modelbased) :  7 x 7
                  e(S) :  7 x 7
                  e(W) :  7 x 7

functions:
             e(sample)   

. 
. // r(table)
. mat list r(table)

r(table)[9,7]
              xb_x:      xb_z1:       xb_w:         b0:     cmxb_x:     cmxb_w:
             _cons       _cons       _cons       _cons       _cons       _cons
     b   1.1427731  -.12542797   .67142912  -2.1814559   1.0095337   .80408856
    se   .05155918   .10516447   .07082077   .11346774    .1131745   .11999725
     z     22.1643  -1.1926838   9.4806809   -19.22534   8.9201512   6.7008913
pvalue   7.59e-109   .23299322   2.526e-21   2.271e-82   4.657e-19   2.072e-11
    ll    1.041719  -.33154655   .53262296  -2.4038486   .78771574   .56889827
    ul   1.2438272   .08069061   .81023528  -1.9590633   1.2313516   1.0392789
    df           .           .           .           .           .           .
  crit    1.959964    1.959964    1.959964    1.959964    1.959964    1.959964
 eform           0           0           0           0           0           0

               ey0:
             _cons
     b   .12188959
    se   .02527018
     z   4.8234546
pvalue   1.411e-06
    ll   .07236094
    ul   .17141824
    df           .
  crit    1.959964
 eform           0

. 
. // multiple instruments
. discard

. ivlsmm y w (x = z1 z2 z3)

Final GMM criterion Q(b) =  .0010781

GMM estimation 

Number of parameters =   9
Number of moments    =  11
Initial weight matrix: Unadjusted                 Number of obs   =      2,500
GMM weight matrix:     Robust

------------------------------------------------------------------------------
             |               Robust
             |      Coef.   Std. Err.      z    P>|z|     [95% Conf. Interval]
-------------+----------------------------------------------------------------
       /xb_x |   1.299434   .0604193    21.51   0.000     1.181014    1.417854
      /xb_z1 |  -.4095171   .0757369    -5.41   0.000    -.5579587   -.2610756
      /xb_z2 |  -.3847453   .0666832    -5.77   0.000    -.5154419   -.2540487
      /xb_z3 |  -.3958253   .0694519    -5.70   0.000    -.5319485   -.2597022
       /xb_w |   .5482842   .0729194     7.52   0.000     .4053647    .6912036
         /b0 |  -1.806069   .1288229   -14.02   0.000    -2.058557   -1.553581
     /cmxb_x |   .8858407   .0654348    13.54   0.000     .7575907    1.014091
     /cmxb_w |   .9554105   .0876054    10.91   0.000      .783707    1.127114
        /ey0 |   .1581863   .0197955     7.99   0.000     .1193879    .1969848
------------------------------------------------------------------------------
Instruments for equation 1: x z1 z2 z3 w _cons
Instruments for equation 2: z1 z2 z3 w _cons

Causal odds ratio for: x

 ( 1)  [cmxb_x]_cons = 0

------------------------------------------------------------------------------
             |     exp(b)   Std. Err.      z    P>|z|     [95% Conf. Interval]
-------------+----------------------------------------------------------------
         (1) |   2.425022    .158681    13.54   0.000     2.133131    2.756855
------------------------------------------------------------------------------

Causal odds ratio for: w

 ( 1)  [cmxb_w]_cons = 0

------------------------------------------------------------------------------
             |     exp(b)   Std. Err.      z    P>|z|     [95% Conf. Interval]
-------------+----------------------------------------------------------------
         (1) |   2.599738   .2277511    10.91   0.000     2.189574    3.086735
------------------------------------------------------------------------------

. assert abs(_b[/cmxb_x] - .89) < 1e-2

. 
. cap noi estat overid

. 
. // multiple endog variables
. discard

. ivlsmm y w (x1 x2 = z1 z2 z3)

Final GMM criterion Q(b) =  .0008332

GMM estimation 

Number of parameters =  11
Number of moments    =  12
Initial weight matrix: Unadjusted                 Number of obs   =      2,500
GMM weight matrix:     Robust

------------------------------------------------------------------------------
             |               Robust
             |      Coef.   Std. Err.      z    P>|z|     [95% Conf. Interval]
-------------+----------------------------------------------------------------
      /xb_x1 |   1.301441   .0607291    21.43   0.000     1.182414    1.420468
      /xb_x2 |  -.0553908   .0569069    -0.97   0.330    -.1669262    .0561447
      /xb_z1 |  -.4028659   .0787291    -5.12   0.000    -.5571722   -.2485596
      /xb_z2 |  -.4199986   .0896648    -4.68   0.000    -.5957384   -.2442588
      /xb_z3 |  -.3700852   .0886886    -4.17   0.000    -.5439117   -.1962587
       /xb_w |   .5490761   .0728846     7.53   0.000     .4062249    .6919274
         /b0 |  -1.809935   .1289064   -14.04   0.000    -2.062587   -1.557284
    /cmxb_x1 |   .8629792   .0843771    10.23   0.000     .6976032    1.028355
    /cmxb_x2 |  -.8157772   1.427452    -0.57   0.568    -3.613532    1.981977
     /cmxb_w |   .9755589    .098335     9.92   0.000     .7828259    1.168292
        /ey0 |   .1863564   .0900914     2.07   0.039     .0097805    .3629324
------------------------------------------------------------------------------
Instruments for equation 1: x1 x2 z1 z2 z3 w _cons
Instruments for equation 2: z1 z2 z3 w _cons

Causal odds ratio for: x1

 ( 1)  [cmxb_x1]_cons = 0

------------------------------------------------------------------------------
             |     exp(b)   Std. Err.      z    P>|z|     [95% Conf. Interval]
-------------+----------------------------------------------------------------
         (1) |   2.370212   .1999915    10.23   0.000     2.008932    2.796463
------------------------------------------------------------------------------

Causal odds ratio for: x2

 ( 1)  [cmxb_x2]_cons = 0

------------------------------------------------------------------------------
             |     exp(b)   Std. Err.      z    P>|z|     [95% Conf. Interval]
-------------+----------------------------------------------------------------
         (1) |   .4422954   .6313555    -0.57   0.568     .0269565    7.257078
------------------------------------------------------------------------------

Causal odds ratio for: w

 ( 1)  [cmxb_w]_cons = 0

------------------------------------------------------------------------------
             |     exp(b)   Std. Err.      z    P>|z|     [95% Conf. Interval]
-------------+----------------------------------------------------------------
         (1) |   2.652649   .2608483     9.92   0.000     2.187646    3.216494
------------------------------------------------------------------------------

. assert abs(_b[/cmxb_x1] - .86) < 1e-2

. assert abs(_b[/cmxb_x2] - -.82) < 1e-2

. 
. mat start = J(1,9,1)

. mat list start

start[1,9]
    c1  c2  c3  c4  c5  c6  c7  c8  c9
r1   1   1   1   1   1   1   1   1   1

. discard

. ivlsmm y w (x = z1 z2 z3), from(start)

Final GMM criterion Q(b) =  .0010781

GMM estimation 

Number of parameters =   9
Number of moments    =  11
Initial weight matrix: Unadjusted                 Number of obs   =      2,500
GMM weight matrix:     Robust

------------------------------------------------------------------------------
             |               Robust
             |      Coef.   Std. Err.      z    P>|z|     [95% Conf. Interval]
-------------+----------------------------------------------------------------
       /xb_x |   1.299434   .0604193    21.51   0.000     1.181015    1.417854
      /xb_z1 |  -.4095179   .0757368    -5.41   0.000    -.5579593   -.2610764
      /xb_z2 |   -.384745   .0666832    -5.77   0.000    -.5154416   -.2540483
      /xb_z3 |  -.3958253   .0694519    -5.70   0.000    -.5319485   -.2597021
       /xb_w |   .5482841   .0729194     7.52   0.000     .4053646    .6912035
         /b0 |  -1.806069   .1288229   -14.02   0.000    -2.058557   -1.553581
     /cmxb_x |   .8858406   .0654348    13.54   0.000     .7575907    1.014091
     /cmxb_w |   .9554105   .0876054    10.91   0.000      .783707    1.127114
        /ey0 |   .1581864   .0197955     7.99   0.000     .1193879    .1969848
------------------------------------------------------------------------------
Instruments for equation 1: x z1 z2 z3 w _cons
Instruments for equation 2: z1 z2 z3 w _cons

Causal odds ratio for: x

 ( 1)  [cmxb_x]_cons = 0

------------------------------------------------------------------------------
             |     exp(b)   Std. Err.      z    P>|z|     [95% Conf. Interval]
-------------+----------------------------------------------------------------
         (1) |   2.425022   .1586809    13.54   0.000     2.133131    2.756855
------------------------------------------------------------------------------

Causal odds ratio for: w

 ( 1)  [cmxb_w]_cons = 0

------------------------------------------------------------------------------
             |     exp(b)   Std. Err.      z    P>|z|     [95% Conf. Interval]
-------------+----------------------------------------------------------------
         (1) |   2.599737   .2277511    10.91   0.000     2.189574    3.086735
------------------------------------------------------------------------------

. assert abs(_b[/cmxb_x] - .89) < 1e-2

. 
. // check if in working
. discard

. ivlsmm y (x = z1 z2 z3) if _n <= 100

Final GMM criterion Q(b) =  .0133962

GMM estimation 

Number of parameters =   7
Number of moments    =   9
Initial weight matrix: Unadjusted                 Number of obs   =        100
GMM weight matrix:     Robust

------------------------------------------------------------------------------
             |               Robust
             |      Coef.   Std. Err.      z    P>|z|     [95% Conf. Interval]
-------------+----------------------------------------------------------------
       /xb_x |   1.763694   .3324165     5.31   0.000      1.11217    2.415218
      /xb_z1 |  -.4448383   .3623707    -1.23   0.220    -1.155072    .2653952
      /xb_z2 |  -.8001791   .4165426    -1.92   0.055    -1.616588    .0162294
      /xb_z3 |  -.4429923   .3975396    -1.11   0.265    -1.222156     .336171
         /b0 |  -1.863253   .7113749    -2.62   0.009    -3.257522   -.4689836
     /cmxb_x |   1.206102   .3389122     3.56   0.000     .5418467    1.870358
        /ey0 |   .1536548   .1011149     1.52   0.129    -.0445268    .3518364
------------------------------------------------------------------------------
Instruments for equation 1: x z1 z2 z3 _cons
Instruments for equation 2: z1 z2 z3 _cons

Causal odds ratio for: x

 ( 1)  [cmxb_x]_cons = 0

------------------------------------------------------------------------------
             |     exp(b)   Std. Err.      z    P>|z|     [95% Conf. Interval]
-------------+----------------------------------------------------------------
         (1) |    3.34044   1.132116     3.56   0.000     1.719179    6.490621
------------------------------------------------------------------------------

. assert abs(_b[/cmxb_x] - 1.21) < 1e-2

. 
. discard

. ivlsmm y (x = z1 z2 z3) in 1/100

Final GMM criterion Q(b) =  .0133962

GMM estimation 

Number of parameters =   7
Number of moments    =   9
Initial weight matrix: Unadjusted                 Number of obs   =        100
GMM weight matrix:     Robust

------------------------------------------------------------------------------
             |               Robust
             |      Coef.   Std. Err.      z    P>|z|     [95% Conf. Interval]
-------------+----------------------------------------------------------------
       /xb_x |   1.763694   .3324165     5.31   0.000      1.11217    2.415218
      /xb_z1 |  -.4448383   .3623707    -1.23   0.220    -1.155072    .2653952
      /xb_z2 |  -.8001791   .4165426    -1.92   0.055    -1.616588    .0162294
      /xb_z3 |  -.4429923   .3975396    -1.11   0.265    -1.222156     .336171
         /b0 |  -1.863253   .7113749    -2.62   0.009    -3.257522   -.4689836
     /cmxb_x |   1.206102   .3389122     3.56   0.000     .5418467    1.870358
        /ey0 |   .1536548   .1011149     1.52   0.129    -.0445268    .3518364
------------------------------------------------------------------------------
Instruments for equation 1: x z1 z2 z3 _cons
Instruments for equation 2: z1 z2 z3 _cons

Causal odds ratio for: x

 ( 1)  [cmxb_x]_cons = 0

------------------------------------------------------------------------------
             |     exp(b)   Std. Err.      z    P>|z|     [95% Conf. Interval]
-------------+----------------------------------------------------------------
         (1) |    3.34044   1.132116     3.56   0.000     1.719179    6.490621
------------------------------------------------------------------------------

. assert abs(_b[/cmxb_x] - 1.21) < 1e-2

. 
. // check `options'
. discard

. ivlsmm y (x = z1 z2 z3) if _n <= 100, nolog

Final GMM criterion Q(b) =  .0133962

GMM estimation 

Number of parameters =   7
Number of moments    =   9
Initial weight matrix: Unadjusted                 Number of obs   =        100
GMM weight matrix:     Robust

------------------------------------------------------------------------------
             |               Robust
             |      Coef.   Std. Err.      z    P>|z|     [95% Conf. Interval]
-------------+----------------------------------------------------------------
       /xb_x |   1.763694   .3324165     5.31   0.000      1.11217    2.415218
      /xb_z1 |  -.4448383   .3623707    -1.23   0.220    -1.155072    .2653952
      /xb_z2 |  -.8001791   .4165426    -1.92   0.055    -1.616588    .0162294
      /xb_z3 |  -.4429923   .3975396    -1.11   0.265    -1.222156     .336171
         /b0 |  -1.863253   .7113749    -2.62   0.009    -3.257522   -.4689836
     /cmxb_x |   1.206102   .3389122     3.56   0.000     .5418467    1.870358
        /ey0 |   .1536548   .1011149     1.52   0.129    -.0445268    .3518364
------------------------------------------------------------------------------
Instruments for equation 1: x z1 z2 z3 _cons
Instruments for equation 2: z1 z2 z3 _cons

Causal odds ratio for: x

 ( 1)  [cmxb_x]_cons = 0

------------------------------------------------------------------------------
             |     exp(b)   Std. Err.      z    P>|z|     [95% Conf. Interval]
-------------+----------------------------------------------------------------
         (1) |    3.34044   1.132116     3.56   0.000     1.719179    6.490621
------------------------------------------------------------------------------

. assert abs(_b[/cmxb_x] - 1.21) < 1e-2

. 
. // amxb test
. discard

. ivlsmm y w (x = z1 z2 z3), amxb(x z1 z2 z3) nolog

Final GMM criterion Q(b) =  .0009336

GMM estimation 

Number of parameters =   8
Number of moments    =  10
Initial weight matrix: Unadjusted                 Number of obs   =      2,500
GMM weight matrix:     Robust

------------------------------------------------------------------------------
             |               Robust
             |      Coef.   Std. Err.      z    P>|z|     [95% Conf. Interval]
-------------+----------------------------------------------------------------
       /xb_x |   1.423979   .0577045    24.68   0.000     1.310881    1.537078
      /xb_z1 |  -.5711436   .0740573    -7.71   0.000    -.7162932   -.4259939
      /xb_z2 |  -.5337384   .0647331    -8.25   0.000     -.660613   -.4068639
      /xb_z3 |  -.5494056   .0667925    -8.23   0.000    -.6803164   -.4184948
         /b0 |  -1.728888   .1250831   -13.82   0.000    -1.974046   -1.483729
     /cmxb_x |   .8497166   .0638232    13.31   0.000     .7246254    .9748078
     /cmxb_w |   .5655056   .0700267     8.08   0.000     .4282559    .7027553
        /ey0 |   .1814932   .0210319     8.63   0.000     .1402713     .222715
------------------------------------------------------------------------------
Instruments for equation 1: x z1 z2 z3 _cons
Instruments for equation 2: z1 z2 z3 w _cons

Causal odds ratio for: x

 ( 1)  [cmxb_x]_cons = 0

------------------------------------------------------------------------------
             |     exp(b)   Std. Err.      z    P>|z|     [95% Conf. Interval]
-------------+----------------------------------------------------------------
         (1) |   2.338984   .1492814    13.31   0.000     2.063958    2.650658
------------------------------------------------------------------------------

Causal odds ratio for: w

 ( 1)  [cmxb_w]_cons = 0

------------------------------------------------------------------------------
             |     exp(b)   Std. Err.      z    P>|z|     [95% Conf. Interval]
-------------+----------------------------------------------------------------
         (1) |   1.760338   .1232706     8.08   0.000     1.534579    2.019309
------------------------------------------------------------------------------

. assert abs(_b[/cmxb_x] - .85) < 1e-2

. 
. discard

. gen xz1 = x*z1

. gen xz2 = x*z2

. gen xz3 = x*z3

. ivlsmm y w (x = z1 z2 z3), amxb(x w z1 z2 z3 xz1 xz2 xz3) nolog

Final GMM criterion Q(b) =   .001119

GMM estimation 

Number of parameters =  12
Number of moments    =  14
Initial weight matrix: Unadjusted                 Number of obs   =      2,500
GMM weight matrix:     Robust

------------------------------------------------------------------------------
             |               Robust
             |      Coef.   Std. Err.      z    P>|z|     [95% Conf. Interval]
-------------+----------------------------------------------------------------
       /xb_x |   1.352266   .1085224    12.46   0.000     1.139566    1.564966
       /xb_w |   .5585769   .0733551     7.61   0.000     .4148035    .7023502
      /xb_z1 |  -.3413226   .2099725    -1.63   0.104    -.7528612    .0702159
      /xb_z2 |  -.7431018   .1930832    -3.85   0.000    -1.121538   -.3646657
      /xb_z3 |  -.0862605   .1682969    -0.51   0.608    -.4161165    .2435954
     /xb_xz1 |  -.0264955   .0747982    -0.35   0.723    -.1730972    .1201063
     /xb_xz2 |   .1348796   .0731238     1.84   0.065    -.0084403    .2781996
     /xb_xz3 |  -.1321727   .0698304    -1.89   0.058    -.2690379    .0046924
         /b0 |  -1.889602   .2086502    -9.06   0.000    -2.298549   -1.480655
     /cmxb_x |   .8970595   .0718033    12.49   0.000     .7563277    1.037791
     /cmxb_w |   .9628362   .0932364    10.33   0.000     .7800962    1.145576
        /ey0 |   .1573063   .0205315     7.66   0.000     .1170652    .1975473
------------------------------------------------------------------------------
Instruments for equation 1: x w z1 z2 z3 xz1 xz2 xz3 _cons
Instruments for equation 2: z1 z2 z3 w _cons

Causal odds ratio for: x

 ( 1)  [cmxb_x]_cons = 0

------------------------------------------------------------------------------
             |     exp(b)   Std. Err.      z    P>|z|     [95% Conf. Interval]
-------------+----------------------------------------------------------------
         (1) |   2.452381    .176089    12.49   0.000     2.130438    2.822975
------------------------------------------------------------------------------

Causal odds ratio for: w

 ( 1)  [cmxb_w]_cons = 0

------------------------------------------------------------------------------
             |     exp(b)   Std. Err.      z    P>|z|     [95% Conf. Interval]
-------------+----------------------------------------------------------------
         (1) |   2.619114   .2441969    10.33   0.000     2.181682    3.144253
------------------------------------------------------------------------------

. assert abs(_b[/cmxb_x] - .90) < 1e-2

. 
end of do-file
      name:  ivlsmm
       log:  /Users/tom/Documents/GitHub/ivonesamplemr/cscripts/ivlsmm.log
  log type:  text
 closed on:  11 Sep 2021, 16:21:03
-------------------------------------------------------------------------------
-------------------------------------------------------------------------------
      name:  ivmsmm
       log:  /Users/tom/Documents/GitHub/ivonesamplemr/cscripts/ivmsmm.log
  log type:  text
 opened on:  11 Sep 2021, 16:21:03

. // ivmsmm cscript
. // 2021-09-01
. 
. cscript ivmsmm adofiles ivmsmm
-------------------------------------------------------------------BEGIN ivmsmm

-> which ivmsmm, usesysdir
/Users/tom/Documents/GitHub/ivonesamplemr/ivmsmm.ado
*! 1.0.0 Tom Palmer 01sep2021

. 
. // simulate data
. clear

. set obs 2500
number of observations (_N) was 0, now 2,500

. set seed 12345

. gen z1 = rbinomial(2, .2)

. gen z2 = rbinomial(2, .3)

. gen z3 = rbinomial(2, .4)

. gen u = rnormal()

. gen w = rnormal()

. gen x = z1 + z2 + z3 + w + u + rnormal()

. gen logitpy = -2 + x + w + u

. gen py = invlogit(logitpy)

. gen y = rbinomial(1, py)

. gen x1 = x

. gen x2 = rnormal()

. 
. // tests
. 
. ivmsmm y (x = z1)

Final GMM criterion Q(b) =  5.69e-33

note: model is exactly identified

Exponential mean model with endogenous regressors

Number of parameters =   2                         Number of obs  =      2,500
Number of moments    =   2
Initial weight matrix: Unadjusted
GMM weight matrix:     Robust

------------------------------------------------------------------------------
             |               Robust
           y |        IRR   Std. Err.      z    P>|z|     [95% Conf. Interval]
-------------+----------------------------------------------------------------
           x |   1.388086   .0804624     5.66   0.000     1.239011    1.555097
       _cons |   .1942051   .0287407   -11.07   0.000     .1453081    .2595561
------------------------------------------------------------------------------
Note: _cons estimates baseline incidence rate.
Instrumented:  x
Instruments:   z1

. assert abs(_b[x] - .328) < 1e-3

. ivpoisson, irr

Exponential mean model with endogenous regressors

Number of parameters =   2                         Number of obs  =      2,500
Number of moments    =   2
Initial weight matrix: Unadjusted
GMM weight matrix:     Robust

------------------------------------------------------------------------------
             |               Robust
           y |        IRR   Std. Err.      z    P>|z|     [95% Conf. Interval]
-------------+----------------------------------------------------------------
           x |   1.388086   .0804624     5.66   0.000     1.239011    1.555097
       _cons |   .1942051   .0287407   -11.07   0.000     .1453081    .2595561
------------------------------------------------------------------------------
Note: _cons estimates baseline incidence rate.
Instrumented:  x
Instruments:   z1

. 
. ivmsmm y (x = z1 z2 z3)

Final GMM criterion Q(b) =  .0004645

Exponential mean model with endogenous regressors

Number of parameters =   2                         Number of obs  =      2,500
Number of moments    =   4
Initial weight matrix: Unadjusted
GMM weight matrix:     Robust

------------------------------------------------------------------------------
             |               Robust
           y |        IRR   Std. Err.      z    P>|z|     [95% Conf. Interval]
-------------+----------------------------------------------------------------
           x |   1.346121   .0440578     9.08   0.000      1.26248    1.435302
       _cons |     .20946   .0194699   -16.82   0.000      .174574    .2513173
------------------------------------------------------------------------------
Note: _cons estimates baseline incidence rate.
Instrumented:  x
Instruments:   z1 z2 z3

. assert abs(_b[x] - .297) < 1e-3

. cap noi estat overid

  Test of overidentifying restriction:

  Hansen's J chi2(2) = 1.16116 (p = 0.5596)

. ivpoisson, irr

Exponential mean model with endogenous regressors

Number of parameters =   2                         Number of obs  =      2,500
Number of moments    =   4
Initial weight matrix: Unadjusted
GMM weight matrix:     Robust

------------------------------------------------------------------------------
             |               Robust
           y |        IRR   Std. Err.      z    P>|z|     [95% Conf. Interval]
-------------+----------------------------------------------------------------
           x |   1.346121   .0440578     9.08   0.000      1.26248    1.435302
       _cons |     .20946   .0194699   -16.82   0.000      .174574    .2513173
------------------------------------------------------------------------------
Note: _cons estimates baseline incidence rate.
Instrumented:  x
Instruments:   z1 z2 z3

. 
. estat overid

  Test of overidentifying restriction:

  Hansen's J chi2(2) = 1.16116 (p = 0.5596)

. 
. // ivpoisson helpfile
. webuse trip, clear
(Household trips)

. 
. * Generalized method of moments: multiplicative errors
. ivpoisson gmm trips cbd ptn worker weekend (tcost=pt), multiplicative

Step 1
Iteration 0:   GMM criterion Q(b) =  .04949852  
Iteration 1:   GMM criterion Q(b) =  .00011194  
Iteration 2:   GMM criterion Q(b) =  1.563e-08  
Iteration 3:   GMM criterion Q(b) =  3.685e-16  

Step 2
Iteration 0:   GMM criterion Q(b) =  2.287e-16  
Iteration 1:   GMM criterion Q(b) =  1.267e-31  

note: model is exactly identified

Exponential mean model with endogenous regressors

Number of parameters =   6                         Number of obs  =      5,000
Number of moments    =   6
Initial weight matrix: Unadjusted
GMM weight matrix:     Robust

------------------------------------------------------------------------------
             |               Robust
       trips |      Coef.   Std. Err.      z    P>|z|     [95% Conf. Interval]
-------------+----------------------------------------------------------------
       tcost |   .0352185   .0098182     3.59   0.000     .0159752    .0544617
         cbd |   -.008398   .0020172    -4.16   0.000    -.0123517   -.0044444
         ptn |  -.0113146   .0021819    -5.19   0.000     -.015591   -.0070383
      worker |   .6623018   .0519909    12.74   0.000     .5604015     .764202
     weekend |   .3009323   .0362682     8.30   0.000     .2298479    .3720167
       _cons |   .2654423   .1550127     1.71   0.087    -.0383769    .5692616
------------------------------------------------------------------------------
Instrumented:  tcost
Instruments:   cbd ptn worker weekend pt

. assert abs(_b[tcost] - .035) < 1e-3

. ivpoisson, irr

Exponential mean model with endogenous regressors

Number of parameters =   6                         Number of obs  =      5,000
Number of moments    =   6
Initial weight matrix: Unadjusted
GMM weight matrix:     Robust

------------------------------------------------------------------------------
             |               Robust
       trips |        IRR   Std. Err.      z    P>|z|     [95% Conf. Interval]
-------------+----------------------------------------------------------------
       tcost |   1.035846   .0101701     3.59   0.000     1.016103    1.055972
         cbd |   .9916371   .0020003    -4.16   0.000     .9877243    .9955655
         ptn |   .9887491   .0021573    -5.19   0.000     .9845299    .9929864
      worker |   1.939251   .1008234    12.74   0.000     1.751376     2.14728
     weekend |   1.351118   .0490026     8.30   0.000     1.258409    1.450657
       _cons |   1.304008   .2021377     1.71   0.087     .9623501    1.766962
------------------------------------------------------------------------------
Note: _cons estimates baseline incidence rate.
Instrumented:  tcost
Instruments:   cbd ptn worker weekend pt

. 
. ivmsmm trips cbd ptn worker weekend (tcost=pt)

Final GMM criterion Q(b) =  1.27e-31

note: model is exactly identified

Exponential mean model with endogenous regressors

Number of parameters =   6                         Number of obs  =      5,000
Number of moments    =   6
Initial weight matrix: Unadjusted
GMM weight matrix:     Robust

------------------------------------------------------------------------------
             |               Robust
       trips |        IRR   Std. Err.      z    P>|z|     [95% Conf. Interval]
-------------+----------------------------------------------------------------
       tcost |   1.035846   .0101701     3.59   0.000     1.016103    1.055972
         cbd |   .9916371   .0020003    -4.16   0.000     .9877243    .9955655
         ptn |   .9887491   .0021573    -5.19   0.000     .9845299    .9929864
      worker |   1.939251   .1008234    12.74   0.000     1.751376     2.14728
     weekend |   1.351118   .0490026     8.30   0.000     1.258409    1.450657
       _cons |   1.304008   .2021377     1.71   0.087     .9623501    1.766962
------------------------------------------------------------------------------
Note: _cons estimates baseline incidence rate.
Instrumented:  tcost
Instruments:   cbd ptn worker weekend pt

. assert abs(_b[tcost] - .035) < 1e-3

. 
end of do-file
      name:  ivmsmm
       log:  /Users/tom/Documents/GitHub/ivonesamplemr/cscripts/ivmsmm.log
  log type:  text
 closed on:  11 Sep 2021, 16:21:05
-------------------------------------------------------------------------------
-------------------------------------------------------------------------------
      name:  ivtsps
       log:  /Users/tom/Documents/GitHub/ivonesamplemr/cscripts/ivtsps.log
  log type:  text
 opened on:  11 Sep 2021, 16:21:05

. // ivtsps cscript
. // 2021-09-06
. 
. cscript ivtsps adofiles ivtsps
-------------------------------------------------------------------BEGIN ivtsps

-> which ivtsps, usesysdir
/Users/tom/Documents/GitHub/ivonesamplemr/ivtsps.ado
*! 1.0.0 Tom Palmer 05sep2021

. 
. // simulate data
. clear

. set obs 2500
number of observations (_N) was 0, now 2,500

. set seed 12345

. gen z1 = rbinomial(2, .2)

. gen z2 = rbinomial(2, .3)

. gen z3 = rbinomial(2, .4)

. gen u = rnormal()

. gen w = rnormal()

. gen x = z1 + z2 + z3 + w + u + rnormal()

. gen logitpy = -2 + x + w + u

. gen py = invlogit(logitpy)

. gen y = rbinomial(1, py)

. gen x1 = x

. gen x2 = rnormal()

. 
. // tests
. 
. // identity link
. 
. ivregress gmm y (x = z1 z2 z3)

Instrumental variables (GMM) regression           Number of obs   =      2,500
                                                  Wald chi2(1)    =     207.53
                                                  Prob > chi2     =     0.0000
                                                  R-squared       =     0.3690
GMM weight matrix: Robust                         Root MSE        =     .39694

------------------------------------------------------------------------------
             |               Robust
           y |      Coef.   Std. Err.      z    P>|z|     [95% Conf. Interval]
-------------+----------------------------------------------------------------
           x |   .1071817   .0074402    14.41   0.000     .0925993    .1217642
       _cons |   .2879039   .0157363    18.30   0.000     .2570612    .3187465
------------------------------------------------------------------------------
Instrumented:  x
Instruments:   z1 z2 z3

. scalar bx1 = _b[x]

. scalar sx1 = _se[x]

. ivtsps y (x = z1 z2 z3)

Final GMM criterion Q(b) =  7.16e-33

note: model is exactly identified

GMM estimation 

Number of parameters =   6
Number of moments    =   6
Initial weight matrix: Unadjusted                 Number of obs   =      2,500
GMM weight matrix:     Robust

------------------------------------------------------------------------------
             |               Robust
             |      Coef.   Std. Err.      z    P>|z|     [95% Conf. Interval]
-------------+----------------------------------------------------------------
    /s1xb_z1 |   .9945859   .0614877    16.18   0.000     .8740722      1.1151
    /s1xb_z2 |   .9540576   .0525572    18.15   0.000     .8510474    1.057068
    /s1xb_z3 |   .9554229   .0495052    19.30   0.000     .8583944    1.052451
         /a0 |   .0842244   .0675928     1.25   0.213    -.0482551    .2167039
         /b1 |   .1070019   .0074424    14.38   0.000      .092415    .1215889
         /b0 |   .2879917   .0157401    18.30   0.000     .2571416    .3188417
------------------------------------------------------------------------------
Instruments for equation 1: z1 z2 z3 _cons
Instruments for equation 2: __000004 _cons

Causal risk difference for: b1

 ( 1)  [b1]_cons = 0

------------------------------------------------------------------------------
             |      Coef.   Std. Err.      z    P>|z|     [95% Conf. Interval]
-------------+----------------------------------------------------------------
         (1) |   .1070019   .0074424    14.38   0.000      .092415    .1215889
------------------------------------------------------------------------------

. ivtsps

------------------------------------------------------------------------------
             |               Robust
             |      Coef.   Std. Err.      z    P>|z|     [95% Conf. Interval]
-------------+----------------------------------------------------------------
    /s1xb_z1 |   .9945859   .0614877    16.18   0.000     .8740722      1.1151
    /s1xb_z2 |   .9540576   .0525572    18.15   0.000     .8510474    1.057068
    /s1xb_z3 |   .9554229   .0495052    19.30   0.000     .8583944    1.052451
         /a0 |   .0842244   .0675928     1.25   0.213    -.0482551    .2167039
         /b1 |   .1070019   .0074424    14.38   0.000      .092415    .1215889
         /b0 |   .2879917   .0157401    18.30   0.000     .2571416    .3188417
------------------------------------------------------------------------------

Causal risk difference for: b1

 ( 1)  [b1]_cons = 0

------------------------------------------------------------------------------
             |      Coef.   Std. Err.      z    P>|z|     [95% Conf. Interval]
-------------+----------------------------------------------------------------
         (1) |   .1070019   .0074424    14.38   0.000      .092415    .1215889
------------------------------------------------------------------------------

. assert abs(_b[b1:_cons] - scalar(bx1)) < 1e-2

. assert abs(_se[b1:_cons] - scalar(sx1)) < 1e-3

. 
. ivregress gmm y (x = z1 z2 z3) if _n <= 50

Instrumental variables (GMM) regression           Number of obs   =         50
                                                  Wald chi2(1)    =      36.62
                                                  Prob > chi2     =     0.0000
                                                  R-squared       =     0.5501
GMM weight matrix: Robust                         Root MSE        =     .33512

------------------------------------------------------------------------------
             |               Robust
           y |      Coef.   Std. Err.      z    P>|z|     [95% Conf. Interval]
-------------+----------------------------------------------------------------
           x |   .1781062   .0294317     6.05   0.000     .1204211    .2357912
       _cons |   .2258489   .0642993     3.51   0.000     .0998245    .3518732
------------------------------------------------------------------------------
Instrumented:  x
Instruments:   z1 z2 z3

. scalar bx2 = _b[x]

. scalar sx2 = _se[x]

. ivtsps y (x = z1 z2 z3) if _n <= 50

Final GMM criterion Q(b) =  1.76e-33

note: model is exactly identified

GMM estimation 

Number of parameters =   6
Number of moments    =   6
Initial weight matrix: Unadjusted                 Number of obs   =         50
GMM weight matrix:     Robust

------------------------------------------------------------------------------
             |               Robust
             |      Coef.   Std. Err.      z    P>|z|     [95% Conf. Interval]
-------------+----------------------------------------------------------------
    /s1xb_z1 |   1.060589   .3962486     2.68   0.007     .2839558    1.837222
    /s1xb_z2 |   1.148148   .3925519     2.92   0.003     .3787603    1.917535
    /s1xb_z3 |   1.403546   .3177779     4.42   0.000      .780713    2.026379
         /a0 |  -.5013724   .3595452    -1.39   0.163    -1.206068    .2033233
         /b1 |      .1713   .0290798     5.89   0.000     .1143046    .2282954
         /b0 |   .2434077   .0653369     3.73   0.000     .1153498    .3714656
------------------------------------------------------------------------------
Instruments for equation 1: z1 z2 z3 _cons
Instruments for equation 2: __000004 _cons

Causal risk difference for: b1

 ( 1)  [b1]_cons = 0

------------------------------------------------------------------------------
             |      Coef.   Std. Err.      z    P>|z|     [95% Conf. Interval]
-------------+----------------------------------------------------------------
         (1) |      .1713   .0290798     5.89   0.000     .1143046    .2282954
------------------------------------------------------------------------------

. assert abs(_b[b1:_cons] - scalar(bx2)) < 1e-2

. assert abs(_se[b1:_cons] - scalar(sx2)) < 1e-3

. 
. ivtsps y (x = z1 z2 z3), link(identity)

Final GMM criterion Q(b) =  7.16e-33

note: model is exactly identified

GMM estimation 

Number of parameters =   6
Number of moments    =   6
Initial weight matrix: Unadjusted                 Number of obs   =      2,500
GMM weight matrix:     Robust

------------------------------------------------------------------------------
             |               Robust
             |      Coef.   Std. Err.      z    P>|z|     [95% Conf. Interval]
-------------+----------------------------------------------------------------
    /s1xb_z1 |   .9945859   .0614877    16.18   0.000     .8740722      1.1151
    /s1xb_z2 |   .9540576   .0525572    18.15   0.000     .8510474    1.057068
    /s1xb_z3 |   .9554229   .0495052    19.30   0.000     .8583944    1.052451
         /a0 |   .0842244   .0675928     1.25   0.213    -.0482551    .2167039
         /b1 |   .1070019   .0074424    14.38   0.000      .092415    .1215889
         /b0 |   .2879917   .0157401    18.30   0.000     .2571416    .3188417
------------------------------------------------------------------------------
Instruments for equation 1: z1 z2 z3 _cons
Instruments for equation 2: __000004 _cons

Causal risk difference for: b1

 ( 1)  [b1]_cons = 0

------------------------------------------------------------------------------
             |      Coef.   Std. Err.      z    P>|z|     [95% Conf. Interval]
-------------+----------------------------------------------------------------
         (1) |   .1070019   .0074424    14.38   0.000      .092415    .1215889
------------------------------------------------------------------------------

. assert abs(_b[b1:_cons] - scalar(bx1)) < 1e-2

. assert abs(_se[b1:_cons] - scalar(sx1)) < 1e-3

. 
. ivregress gmm y w (x = z1 z2 z3)

Instrumental variables (GMM) regression           Number of obs   =      2,500
                                                  Wald chi2(2)    =    1628.49
                                                  Prob > chi2     =     0.0000
                                                  R-squared       =     0.4202
GMM weight matrix: Robust                         Root MSE        =     .38051

------------------------------------------------------------------------------
             |               Robust
           y |      Coef.   Std. Err.      z    P>|z|     [95% Conf. Interval]
-------------+----------------------------------------------------------------
           x |   .1054227   .0073416    14.36   0.000     .0910334     .119812
           w |   .1159165    .010589    10.95   0.000     .0951624    .1366707
       _cons |   .2865861   .0150723    19.01   0.000     .2570449    .3161273
------------------------------------------------------------------------------
Instrumented:  x
Instruments:   w z1 z2 z3

. scalar bx3 = _b[x]

. scalar sx3 = _se[x]

. ivtsps y w (x = z1 z2 z3), link(identity)

Final GMM criterion Q(b) =  3.04e-33

note: model is exactly identified

GMM estimation 

Number of parameters =   8
Number of moments    =   8
Initial weight matrix: Unadjusted                 Number of obs   =      2,500
GMM weight matrix:     Robust

------------------------------------------------------------------------------
             |               Robust
             |      Coef.   Std. Err.      z    P>|z|     [95% Conf. Interval]
-------------+----------------------------------------------------------------
    /s1xb_z1 |   .9882395   .0505573    19.55   0.000     .8891491     1.08733
    /s1xb_z2 |   .9152859   .0431149    21.23   0.000     .8307823    .9997895
    /s1xb_z3 |    .954388   .0404106    23.62   0.000     .8751847    1.033591
     /s1xb_w |   .9801363    .027334    35.86   0.000     .9265627     1.03371
         /a0 |   .0734396   .0541988     1.36   0.175    -.0327882    .1796673
         /b1 |   .1052528   .0073427    14.33   0.000     .0908613    .1196442
 /s2exogxb_w |   .1160821   .0105911    10.96   0.000     .0953239    .1368403
         /b0 |   .2867508   .0150764    19.02   0.000     .2572016       .3163
------------------------------------------------------------------------------
Instruments for equation 1: z1 z2 z3 w _cons
Instruments for equation 2: __000004 w _cons

Causal risk difference for: b1

 ( 1)  [b1]_cons = 0

------------------------------------------------------------------------------
             |      Coef.   Std. Err.      z    P>|z|     [95% Conf. Interval]
-------------+----------------------------------------------------------------
         (1) |   .1052528   .0073427    14.33   0.000     .0908613    .1196442
------------------------------------------------------------------------------

. assert abs(_b[b1:_cons] - scalar(bx3)) < 1e-2

. assert abs(_se[b1:_cons] - scalar(sx3)) < 1e-3

. 
. ivtsps y (x = z1 z2 z3), estonly

------------------------------------------------------------------------------
           y |      Coef.   Std. Err.      t    P>|t|     [95% Conf. Interval]
-------------+----------------------------------------------------------------
    __000004 |   .1070019   .0093533    11.44   0.000      .088661    .1253429
       _cons |   .2879917   .0196508    14.66   0.000     .2494581    .3265252
------------------------------------------------------------------------------

. ivtsps

------------------------------------------------------------------------------
           y |      Coef.   Std. Err.      t    P>|t|     [95% Conf. Interval]
-------------+----------------------------------------------------------------
    __000004 |   .1070019   .0093533    11.44   0.000      .088661    .1253429
       _cons |   .2879917   .0196508    14.66   0.000     .2494581    .3265252
------------------------------------------------------------------------------

. mat b = e(b)

. assert abs(b[1,1] - scalar(bx1)) < 1e-2

. 
. // logadd link
. 
. ivpoisson gmm y (x = z1 z2 z3), add

Step 1
Iteration 0:   GMM criterion Q(b) =  .27965686  
Iteration 1:   GMM criterion Q(b) =  .00190861  
Iteration 2:   GMM criterion Q(b) =  .00009051  
Iteration 3:   GMM criterion Q(b) =  .00007696  
Iteration 4:   GMM criterion Q(b) =  .00007696  

Step 2
Iteration 0:   GMM criterion Q(b) =  .00046837  
Iteration 1:   GMM criterion Q(b) =  .00046836  

Exponential mean model with endogenous regressors

Number of parameters =   2                         Number of obs  =      2,500
Number of moments    =   4
Initial weight matrix: Unadjusted
GMM weight matrix:     Robust

------------------------------------------------------------------------------
             |               Robust
           y |      Coef.   Std. Err.      z    P>|z|     [95% Conf. Interval]
-------------+----------------------------------------------------------------
           x |   .2111395   .0148693    14.20   0.000     .1819962    .2402828
       _cons |  -1.203142   .0468509   -25.68   0.000    -1.294969   -1.111316
------------------------------------------------------------------------------
Instrumented:  x
Instruments:   z1 z2 z3

. scalar lrr1 = _b[x]

. scalar selrr1 = _se[x]

. ivtsps y (x = z1 z2 z3), link(logadd)

Final GMM criterion Q(b) =  6.23e-33

note: model is exactly identified

GMM estimation 

Number of parameters =   6
Number of moments    =   6
Initial weight matrix: Unadjusted                 Number of obs   =      2,500
GMM weight matrix:     Robust

------------------------------------------------------------------------------
             |               Robust
             |      Coef.   Std. Err.      z    P>|z|     [95% Conf. Interval]
-------------+----------------------------------------------------------------
    /s1xb_z1 |   .9945859   .0614877    16.18   0.000     .8740722      1.1151
    /s1xb_z2 |   .9540576   .0525572    18.15   0.000     .8510474    1.057068
    /s1xb_z3 |   .9554229   .0495052    19.30   0.000     .8583944    1.052451
         /a0 |   .0842244   .0675928     1.25   0.213    -.0482551    .2167039
         /b1 |   .2130699   .0149322    14.27   0.000     .1838034    .2423364
         /b0 |  -1.141337   .0389282   -29.32   0.000    -1.217634   -1.065039
------------------------------------------------------------------------------
Instruments for equation 1: z1 z2 z3 _cons
Instruments for equation 2: __000004 _cons

Causal risk ratio for: b1

 ( 1)  [b1]_cons = 0

------------------------------------------------------------------------------
             |     exp(b)   Std. Err.      z    P>|z|     [95% Conf. Interval]
-------------+----------------------------------------------------------------
         (1) |   1.237471   .0184781    14.27   0.000      1.20178    1.274223
------------------------------------------------------------------------------

. ivtsps

------------------------------------------------------------------------------
             |               Robust
             |      Coef.   Std. Err.      z    P>|z|     [95% Conf. Interval]
-------------+----------------------------------------------------------------
    /s1xb_z1 |   .9945859   .0614877    16.18   0.000     .8740722      1.1151
    /s1xb_z2 |   .9540576   .0525572    18.15   0.000     .8510474    1.057068
    /s1xb_z3 |   .9554229   .0495052    19.30   0.000     .8583944    1.052451
         /a0 |   .0842244   .0675928     1.25   0.213    -.0482551    .2167039
         /b1 |   .2130699   .0149322    14.27   0.000     .1838034    .2423364
         /b0 |  -1.141337   .0389282   -29.32   0.000    -1.217634   -1.065039
------------------------------------------------------------------------------

Causal risk ratio for: b1

 ( 1)  [b1]_cons = 0

------------------------------------------------------------------------------
             |     exp(b)   Std. Err.      z    P>|z|     [95% Conf. Interval]
-------------+----------------------------------------------------------------
         (1) |   1.237471   .0184781    14.27   0.000      1.20178    1.274223
------------------------------------------------------------------------------

. assert abs(_b[b1:_cons] - scalar(lrr1)) < 1e-2

. assert abs(_se[b1:_cons] - scalar(selrr1)) < 1e-2

. 
. ivpoisson gmm y (x = z1 z2 z3) if _n <= 200, add

Step 1
Iteration 0:   GMM criterion Q(b) =  .24179605  
Iteration 1:   GMM criterion Q(b) =  .00301375  
Iteration 2:   GMM criterion Q(b) =  .00201683  
Iteration 3:   GMM criterion Q(b) =  .00201188  
Iteration 4:   GMM criterion Q(b) =  .00201188  

Step 2
Iteration 0:   GMM criterion Q(b) =   .0136514  
Iteration 1:   GMM criterion Q(b) =  .01363511  
Iteration 2:   GMM criterion Q(b) =  .01363511  

Exponential mean model with endogenous regressors

Number of parameters =   2                         Number of obs  =        200
Number of moments    =   4
Initial weight matrix: Unadjusted
GMM weight matrix:     Robust

------------------------------------------------------------------------------
             |               Robust
           y |      Coef.   Std. Err.      z    P>|z|     [95% Conf. Interval]
-------------+----------------------------------------------------------------
           x |   .2041092   .0443505     4.60   0.000     .1171838    .2910346
       _cons |  -1.093612   .1396017    -7.83   0.000    -1.367226   -.8199976
------------------------------------------------------------------------------
Instrumented:  x
Instruments:   z1 z2 z3

. scalar lrr2 = _b[x]

. scalar selrr2 = _se[x]

. ivtsps y (x = z1 z2 z3) if _n <= 200, link(logadd)

Final GMM criterion Q(b) =  7.98e-33

note: model is exactly identified

GMM estimation 

Number of parameters =   6
Number of moments    =   6
Initial weight matrix: Unadjusted                 Number of obs   =        200
GMM weight matrix:     Robust

------------------------------------------------------------------------------
             |               Robust
             |      Coef.   Std. Err.      z    P>|z|     [95% Conf. Interval]
-------------+----------------------------------------------------------------
    /s1xb_z1 |    .960665   .1863621     5.15   0.000      .595402    1.325928
    /s1xb_z2 |   1.017943   .1993872     5.11   0.000     .6271518    1.408735
    /s1xb_z3 |   1.105939   .1977604     5.59   0.000     .7183356    1.493542
         /a0 |  -.1036275   .2498245    -0.41   0.678    -.5932745    .3860195
         /b1 |   .2137135   .0426471     5.01   0.000     .1301268    .2973001
         /b0 |  -1.050832   .1150838    -9.13   0.000    -1.276393   -.8252724
------------------------------------------------------------------------------
Instruments for equation 1: z1 z2 z3 _cons
Instruments for equation 2: __000004 _cons

Causal risk ratio for: b1

 ( 1)  [b1]_cons = 0

------------------------------------------------------------------------------
             |     exp(b)   Std. Err.      z    P>|z|     [95% Conf. Interval]
-------------+----------------------------------------------------------------
         (1) |   1.238268   .0528085     5.01   0.000     1.138973    1.346219
------------------------------------------------------------------------------

. assert abs(_b[b1:_cons] - scalar(lrr2)) < 1e-2

. assert abs(_se[b1:_cons] - scalar(selrr2)) < 1e-2

. 
. ivpoisson gmm y w (x = z1 z2 z3), add

Step 1
Iteration 0:   GMM criterion Q(b) =  .32815251  
Iteration 1:   GMM criterion Q(b) =  .00341387  
Iteration 2:   GMM criterion Q(b) =  .00010712  
Iteration 3:   GMM criterion Q(b) =  .00009085  
Iteration 4:   GMM criterion Q(b) =  .00009085  

Step 2
Iteration 0:   GMM criterion Q(b) =  .00053142  
Iteration 1:   GMM criterion Q(b) =  .00053103  
Iteration 2:   GMM criterion Q(b) =  .00053103  

Exponential mean model with endogenous regressors

Number of parameters =   3                         Number of obs  =      2,500
Number of moments    =   5
Initial weight matrix: Unadjusted
GMM weight matrix:     Robust

------------------------------------------------------------------------------
             |               Robust
           y |      Coef.   Std. Err.      z    P>|z|     [95% Conf. Interval]
-------------+----------------------------------------------------------------
           x |   .2030899    .015625    13.00   0.000     .1724655    .2337143
           w |   .2455423   .0228433    10.75   0.000     .2007703    .2903144
       _cons |  -1.273175   .0445619   -28.57   0.000    -1.360515   -1.185836
------------------------------------------------------------------------------
Instrumented:  x
Instruments:   w z1 z2 z3

. scalar lrr3 = _b[x]

. scalar selrr3 = _se[x]

. ivtsps y w (x = z1 z2 z3), link(logadd)

Final GMM criterion Q(b) =  5.04e-33

note: model is exactly identified

GMM estimation 

Number of parameters =   8
Number of moments    =   8
Initial weight matrix: Unadjusted                 Number of obs   =      2,500
GMM weight matrix:     Robust

------------------------------------------------------------------------------
             |               Robust
             |      Coef.   Std. Err.      z    P>|z|     [95% Conf. Interval]
-------------+----------------------------------------------------------------
    /s1xb_z1 |   .9882395   .0505573    19.55   0.000     .8891491     1.08733
    /s1xb_z2 |   .9152859   .0431149    21.23   0.000     .8307823    .9997895
    /s1xb_z3 |    .954388   .0404106    23.62   0.000     .8751847    1.033591
     /s1xb_w |   .9801363    .027334    35.86   0.000     .9265627     1.03371
         /a0 |   .0734396   .0541988     1.36   0.175    -.0327882    .1796673
         /b1 |   .2040871   .0154347    13.22   0.000     .1738357    .2343385
 /s2exogxb_w |   .2436231   .0224021    10.87   0.000     .1997157    .2875304
         /b0 |   -1.23406    .039312   -31.39   0.000     -1.31111    -1.15701
------------------------------------------------------------------------------
Instruments for equation 1: z1 z2 z3 w _cons
Instruments for equation 2: __000004 w _cons

Causal risk ratio for: b1

 ( 1)  [b1]_cons = 0

------------------------------------------------------------------------------
             |     exp(b)   Std. Err.      z    P>|z|     [95% Conf. Interval]
-------------+----------------------------------------------------------------
         (1) |   1.226405   .0189292    13.22   0.000      1.18986    1.264072
------------------------------------------------------------------------------

. assert abs(_b[b1:_cons] - scalar(lrr3)) < 1e-2

. assert abs(_se[b1:_cons] - scalar(selrr3)) < 1e-2

. 
. ivtsps y (x = z1 z2 z3), link(logadd) estonly

------------------------------------------------------------------------------
             |                 OIM
           y |      Coef.   Std. Err.      z    P>|z|     [95% Conf. Interval]
-------------+----------------------------------------------------------------
    __000004 |   .2130699   .0266058     8.01   0.000     .1609235    .2652164
       _cons |  -1.141337   .0620139   -18.40   0.000    -1.262881   -1.019792
------------------------------------------------------------------------------

. ivtsps

------------------------------------------------------------------------------
             |                 OIM
           y |      Coef.   Std. Err.      z    P>|z|     [95% Conf. Interval]
-------------+----------------------------------------------------------------
    __000004 |   .2130699   .0266058     8.01   0.000     .1609235    .2652164
       _cons |  -1.141337   .0620139   -18.40   0.000    -1.262881   -1.019792
------------------------------------------------------------------------------

. mat b = e(b)

. assert abs(b[1,1] - scalar(lrr1)) < 1e-2

. 
. // logmult link
. 
. cap noi drop pred
variable pred not found

. regress x z1 z2 z3

      Source |       SS           df       MS      Number of obs   =     2,500
-------------+----------------------------------   F(3, 2496)      =    309.62
       Model |  2714.52663         3   904.84221   Prob > F        =    0.0000
    Residual |  7294.43352     2,496  2.92244933   R-squared       =    0.2712
-------------+----------------------------------   Adj R-squared   =    0.2703
       Total |  10008.9602     2,499  4.00518614   Root MSE        =    1.7095

------------------------------------------------------------------------------
           x |      Coef.   Std. Err.      t    P>|t|     [95% Conf. Interval]
-------------+----------------------------------------------------------------
          z1 |   .9945859   .0609026    16.33   0.000     .8751611    1.114011
          z2 |   .9540576   .0528847    18.04   0.000     .8503552     1.05776
          z3 |   .9554229    .050013    19.10   0.000     .8573517    1.053494
       _cons |   .0842244   .0669462     1.26   0.208    -.0470513    .2155001
------------------------------------------------------------------------------

. predict pred
(option xb assumed; fitted values)

. glm y pred, family(gamma) link(log)

Iteration 0:   log likelihood = -948.97095  
Iteration 1:   log likelihood = -617.96862  
Iteration 2:   log likelihood = -615.50192  
Iteration 3:   log likelihood = -615.50053  
Iteration 4:   log likelihood = -615.50053  

Generalized linear models                         Number of obs   =      2,500
Optimization     : ML                             Residual df     =      2,498
                                                  Scale parameter =   1.180567
Deviance         =   891.997719                   (1/df) Deviance =   .3570848
Pearson          =  2949.056568                   (1/df) Pearson  =   1.180567

Variance function: V(u) = u^2                     [Gamma]
Link function    : g(u) = ln(u)                   [Log]

                                                  AIC             =   .4940004
Log likelihood   = -615.5005255                   BIC             =  -18652.47

------------------------------------------------------------------------------
             |                 OIM
           y |      Coef.   Std. Err.      z    P>|z|     [95% Conf. Interval]
-------------+----------------------------------------------------------------
        pred |   .2223683   .0212175    10.48   0.000     .1807828    .2639537
       _cons |  -1.159476   .0443907   -26.12   0.000     -1.24648   -1.072472
------------------------------------------------------------------------------

. scalar lmrr1 = _b[pred]

. scalar selmrr1 = _se[pred]

. ivtsps y (x = z1 z2 z3), link(logmult)

Final GMM criterion Q(b) =  3.30e-33

note: model is exactly identified

GMM estimation 

Number of parameters =   6
Number of moments    =   6
Initial weight matrix: Unadjusted                 Number of obs   =      2,500
GMM weight matrix:     Robust

------------------------------------------------------------------------------
             |               Robust
             |      Coef.   Std. Err.      z    P>|z|     [95% Conf. Interval]
-------------+----------------------------------------------------------------
    /s1xb_z1 |   .9945859   .0614877    16.18   0.000     .8740722      1.1151
    /s1xb_z2 |   .9540576   .0525572    18.15   0.000     .8510474    1.057068
    /s1xb_z3 |   .9554229   .0495052    19.30   0.000     .8583944    1.052451
         /a0 |   .0842244   .0675928     1.25   0.213    -.0482551    .2167039
         /b1 |   .2223683   .0179645    12.38   0.000     .1871585     .257578
         /b0 |  -1.159476   .0439471   -26.38   0.000    -1.245611   -1.073341
------------------------------------------------------------------------------
Instruments for equation 1: z1 z2 z3 _cons
Instruments for equation 2: __000004 _cons

Causal risk ratio for: b1

 ( 1)  [b1]_cons = 0

------------------------------------------------------------------------------
             |     exp(b)   Std. Err.      z    P>|z|     [95% Conf. Interval]
-------------+----------------------------------------------------------------
         (1) |   1.249031   .0224382    12.38   0.000     1.205818    1.293793
------------------------------------------------------------------------------

. ivtsps

------------------------------------------------------------------------------
             |               Robust
             |      Coef.   Std. Err.      z    P>|z|     [95% Conf. Interval]
-------------+----------------------------------------------------------------
    /s1xb_z1 |   .9945859   .0614877    16.18   0.000     .8740722      1.1151
    /s1xb_z2 |   .9540576   .0525572    18.15   0.000     .8510474    1.057068
    /s1xb_z3 |   .9554229   .0495052    19.30   0.000     .8583944    1.052451
         /a0 |   .0842244   .0675928     1.25   0.213    -.0482551    .2167039
         /b1 |   .2223683   .0179645    12.38   0.000     .1871585     .257578
         /b0 |  -1.159476   .0439471   -26.38   0.000    -1.245611   -1.073341
------------------------------------------------------------------------------

Causal risk ratio for: b1

 ( 1)  [b1]_cons = 0

------------------------------------------------------------------------------
             |     exp(b)   Std. Err.      z    P>|z|     [95% Conf. Interval]
-------------+----------------------------------------------------------------
         (1) |   1.249031   .0224382    12.38   0.000     1.205818    1.293793
------------------------------------------------------------------------------

. assert abs(_b[b1:_cons] - scalar(lmrr1)) < 1e-2

. assert abs(_se[b1:_cons] - scalar(selmrr1)) < 1e-2

. 
. cap noi drop pred

. regress x z1 z2 z3 if _n <= 250

      Source |       SS           df       MS      Number of obs   =       250
-------------+----------------------------------   F(3, 246)       =     28.81
       Model |   246.64769         3  82.2158965   Prob > F        =    0.0000
    Residual |  701.939562       246  2.85341285   R-squared       =    0.2600
-------------+----------------------------------   Adj R-squared   =    0.2510
       Total |  948.587252       249  3.80958736   Root MSE        =    1.6892

------------------------------------------------------------------------------
           x |      Coef.   Std. Err.      t    P>|t|     [95% Conf. Interval]
-------------+----------------------------------------------------------------
          z1 |   .9174599   .1841768     4.98   0.000     .5546953    1.280224
          z2 |   1.066763   .1764941     6.04   0.000     .7191307    1.414395
          z3 |   .9295532   .1622004     5.73   0.000     .6100745    1.249032
       _cons |   .0817864   .2144483     0.38   0.703    -.3406025    .5041754
------------------------------------------------------------------------------

. predict pred if _n <= 250
(option xb assumed; fitted values)
(2,250 missing values generated)

. glm y pred if _n <= 250, family(gamma) link(log)

Iteration 0:   log likelihood = -106.31205  
Iteration 1:   log likelihood = -77.771023  
Iteration 2:   log likelihood = -77.539585  
Iteration 3:   log likelihood = -77.539456  
Iteration 4:   log likelihood = -77.539456  

Generalized linear models                         Number of obs   =        250
Optimization     : ML                             Residual df     =        248
                                                  Scale parameter =   1.040361
Deviance         =  78.01503952                   (1/df) Deviance =   .3145768
Pearson          =  258.0095851                   (1/df) Pearson  =   1.040361

Variance function: V(u) = u^2                     [Gamma]
Link function    : g(u) = ln(u)                   [Log]

                                                  AIC             =   .6363156
Log likelihood   =  -77.5394559                   BIC             =  -1291.307

------------------------------------------------------------------------------
             |                 OIM
           y |      Coef.   Std. Err.      z    P>|z|     [95% Conf. Interval]
-------------+----------------------------------------------------------------
        pred |   .2041119   .0661871     3.08   0.002     .0743875    .3338362
       _cons |  -1.054149   .1345992    -7.83   0.000    -1.317959   -.7903395
------------------------------------------------------------------------------

. scalar lmrr2 = _b[pred]

. scalar selmrr2 = _se[pred]

. ivtsps y (x = z1 z2 z3) if _n <= 250, link(logmult)

Final GMM criterion Q(b) =  4.60e-33

note: model is exactly identified

GMM estimation 

Number of parameters =   6
Number of moments    =   6
Initial weight matrix: Unadjusted                 Number of obs   =        250
GMM weight matrix:     Robust

------------------------------------------------------------------------------
             |               Robust
             |      Coef.   Std. Err.      z    P>|z|     [95% Conf. Interval]
-------------+----------------------------------------------------------------
    /s1xb_z1 |   .9174599   .1730034     5.30   0.000     .5783795     1.25654
    /s1xb_z2 |   1.066763   .1765785     6.04   0.000     .7206756    1.412851
    /s1xb_z3 |   .9295532   .1660914     5.60   0.000     .6040201    1.255086
         /a0 |   .0817864   .2035786     0.40   0.688    -.3172202    .4807931
         /b1 |   .2041119   .0538512     3.79   0.000     .0985655    .3096582
         /b0 |  -1.054149   .1263154    -8.35   0.000    -1.301723   -.8065755
------------------------------------------------------------------------------
Instruments for equation 1: z1 z2 z3 _cons
Instruments for equation 2: __000004 _cons

Causal risk ratio for: b1

 ( 1)  [b1]_cons = 0

------------------------------------------------------------------------------
             |     exp(b)   Std. Err.      z    P>|z|     [95% Conf. Interval]
-------------+----------------------------------------------------------------
         (1) |   1.226435    .066045     3.79   0.000     1.103587    1.362959
------------------------------------------------------------------------------

. assert abs(_b[b1:_cons] - scalar(lmrr2)) < 1e-2

. assert abs(_se[b1:_cons] - scalar(selmrr2)) < 2e-2

. 
. cap noi drop pred

. regress x z1 z2 z3 w

      Source |       SS           df       MS      Number of obs   =     2,500
-------------+----------------------------------   F(4, 2495)      =    656.78
       Model |  5133.54915         4  1283.38729   Prob > F        =    0.0000
    Residual |  4875.41101     2,495  1.95407255   R-squared       =    0.5129
-------------+----------------------------------   Adj R-squared   =    0.5121
       Total |  10008.9602     2,499  4.00518614   Root MSE        =    1.3979

------------------------------------------------------------------------------
           x |      Coef.   Std. Err.      t    P>|t|     [95% Conf. Interval]
-------------+----------------------------------------------------------------
          z1 |   .9882395   .0498007    19.84   0.000     .8905846    1.085894
          z2 |   .9152859   .0432582    21.16   0.000     .8304603    1.000111
          z3 |    .954388   .0408959    23.34   0.000     .8741945    1.034581
           w |   .9801363   .0278572    35.18   0.000     .9255108    1.034762
       _cons |   .0734396   .0547431     1.34   0.180     -.033907    .1807861
------------------------------------------------------------------------------

. predict pred
(option xb assumed; fitted values)

. glm y pred w, family(gamma) link(log)

Iteration 0:   log likelihood = -388.72139  
Iteration 1:   log likelihood = -231.43666  
Iteration 2:   log likelihood = -230.68042  
Iteration 3:   log likelihood = -230.68016  
Iteration 4:   log likelihood = -230.68016  

Generalized linear models                         Number of obs   =      2,500
Optimization     : ML                             Residual df     =      2,497
                                                  Scale parameter =   1.911145
Deviance         =  1290.467158                   (1/df) Deviance =    .516807
Pearson          =  4772.130176                   (1/df) Pearson  =   1.911145

Variance function: V(u) = u^2                     [Gamma]
Link function    : g(u) = ln(u)                   [Log]

                                                  AIC             =   .1869441
Log likelihood   = -230.6801555                   BIC             =  -18246.18

------------------------------------------------------------------------------
             |                 OIM
           y |      Coef.   Std. Err.      z    P>|z|     [95% Conf. Interval]
-------------+----------------------------------------------------------------
        pred |    .307442    .028211    10.90   0.000     .2521495    .3627345
           w |   .3482615   .0392281     8.88   0.000     .2713757    .4251472
       _cons |  -1.481904   .0577018   -25.68   0.000    -1.594998   -1.368811
------------------------------------------------------------------------------

. scalar lmrr3 = _b[pred]

. scalar selmrr3 = _se[pred]

. ivtsps y w (x = z1 z2 z3), link(logmult)

Final GMM criterion Q(b) =  4.99e-33

note: model is exactly identified

GMM estimation 

Number of parameters =   8
Number of moments    =   8
Initial weight matrix: Unadjusted                 Number of obs   =      2,500
GMM weight matrix:     Robust

------------------------------------------------------------------------------
             |               Robust
             |      Coef.   Std. Err.      z    P>|z|     [95% Conf. Interval]
-------------+----------------------------------------------------------------
    /s1xb_z1 |   .9882395   .0505573    19.55   0.000     .8891491     1.08733
    /s1xb_z2 |   .9152859   .0431149    21.23   0.000     .8307823    .9997895
    /s1xb_z3 |    .954388   .0404106    23.62   0.000     .8751847    1.033591
     /s1xb_w |   .9801363    .027334    35.86   0.000     .9265627     1.03371
         /a0 |   .0734396   .0541988     1.36   0.175    -.0327882    .1796673
         /b1 |    .307442   .0271383    11.33   0.000     .2542519    .3606321
 /s2exogxb_w |   .3482615   .0360076     9.67   0.000     .2776879    .4188351
         /b0 |  -1.481904   .0640343   -23.14   0.000    -1.607409   -1.356399
------------------------------------------------------------------------------
Instruments for equation 1: z1 z2 z3 w _cons
Instruments for equation 2: __000004 w _cons

Causal risk ratio for: b1

 ( 1)  [b1]_cons = 0

------------------------------------------------------------------------------
             |     exp(b)   Std. Err.      z    P>|z|     [95% Conf. Interval]
-------------+----------------------------------------------------------------
         (1) |   1.359942   .0369065    11.33   0.000     1.289497    1.434236
------------------------------------------------------------------------------

. assert abs(_b[b1:_cons] - scalar(lmrr3)) < 1e-2

. assert abs(_se[b1:_cons] - scalar(selmrr3)) < 1e-2

. 
. ivtsps y (x = z1 z2 z3), link(logmult) estonly

------------------------------------------------------------------------------
             |                 OIM
           y |      Coef.   Std. Err.      z    P>|z|     [95% Conf. Interval]
-------------+----------------------------------------------------------------
    __000004 |   .2223683   .0212175    10.48   0.000     .1807828    .2639537
       _cons |  -1.159476   .0443907   -26.12   0.000     -1.24648   -1.072472
------------------------------------------------------------------------------

. ivtsps

------------------------------------------------------------------------------
             |                 OIM
           y |      Coef.   Std. Err.      z    P>|z|     [95% Conf. Interval]
-------------+----------------------------------------------------------------
    __000004 |   .2223683   .0212175    10.48   0.000     .1807828    .2639537
       _cons |  -1.159476   .0443907   -26.12   0.000     -1.24648   -1.072472
------------------------------------------------------------------------------

. mat b = e(b)

. assert abs(b[1,1] - scalar(lmrr1)) < 1e-2

. 
. // logit link
. 
. cap noi drop pred

. regress x z1 z2 z3

      Source |       SS           df       MS      Number of obs   =     2,500
-------------+----------------------------------   F(3, 2496)      =    309.62
       Model |  2714.52663         3   904.84221   Prob > F        =    0.0000
    Residual |  7294.43352     2,496  2.92244933   R-squared       =    0.2712
-------------+----------------------------------   Adj R-squared   =    0.2703
       Total |  10008.9602     2,499  4.00518614   Root MSE        =    1.7095

------------------------------------------------------------------------------
           x |      Coef.   Std. Err.      t    P>|t|     [95% Conf. Interval]
-------------+----------------------------------------------------------------
          z1 |   .9945859   .0609026    16.33   0.000     .8751611    1.114011
          z2 |   .9540576   .0528847    18.04   0.000     .8503552     1.05776
          z3 |   .9554229    .050013    19.10   0.000     .8573517    1.053494
       _cons |   .0842244   .0669462     1.26   0.208    -.0470513    .2155001
------------------------------------------------------------------------------

. predict pred
(option xb assumed; fitted values)

. logit y pred

Iteration 0:   log likelihood = -1731.4565  
Iteration 1:   log likelihood = -1667.9285  
Iteration 2:   log likelihood = -1667.8059  
Iteration 3:   log likelihood = -1667.8059  

Logistic regression                             Number of obs     =      2,500
                                                LR chi2(1)        =     127.30
                                                Prob > chi2       =     0.0000
Log likelihood = -1667.8059                     Pseudo R2         =     0.0368

------------------------------------------------------------------------------
           y |      Coef.   Std. Err.      z    P>|z|     [95% Conf. Interval]
-------------+----------------------------------------------------------------
        pred |   .4488332   .0412018    10.89   0.000     .3680791    .5295873
       _cons |  -.8868145   .0855778   -10.36   0.000    -1.054544   -.7190852
------------------------------------------------------------------------------

. scalar lor1 = _b[pred]

. scalar selor1 = _se[pred]

. ivtsps y (x = z1 z2 z3), link(logit)

Final GMM criterion Q(b) =  3.41e-33

note: model is exactly identified

GMM estimation 

Number of parameters =   6
Number of moments    =   6
Initial weight matrix: Unadjusted                 Number of obs   =      2,500
GMM weight matrix:     Robust

------------------------------------------------------------------------------
             |               Robust
             |      Coef.   Std. Err.      z    P>|z|     [95% Conf. Interval]
-------------+----------------------------------------------------------------
    /s1xb_z1 |   .9945859   .0614877    16.18   0.000     .8740722      1.1151
    /s1xb_z2 |   .9540576   .0525572    18.15   0.000     .8510474    1.057068
    /s1xb_z3 |   .9554229   .0495052    19.30   0.000     .8583944    1.052451
         /a0 |   .0842244   .0675928     1.25   0.213    -.0482551    .2167039
         /b1 |   .4488332   .0346899    12.94   0.000     .3808424    .5168241
         /b0 |  -.8868145   .0715273   -12.40   0.000    -1.027006   -.7466235
------------------------------------------------------------------------------
Instruments for equation 1: z1 z2 z3 _cons
Instruments for equation 2: __000004 _cons

Causal odds ratio for: b1

 ( 1)  [b1]_cons = 0

------------------------------------------------------------------------------
             |     exp(b)   Std. Err.      z    P>|z|     [95% Conf. Interval]
-------------+----------------------------------------------------------------
         (1) |   1.566483   .0543411    12.94   0.000     1.463517    1.676694
------------------------------------------------------------------------------

. ivtsps

------------------------------------------------------------------------------
             |               Robust
             |      Coef.   Std. Err.      z    P>|z|     [95% Conf. Interval]
-------------+----------------------------------------------------------------
    /s1xb_z1 |   .9945859   .0614877    16.18   0.000     .8740722      1.1151
    /s1xb_z2 |   .9540576   .0525572    18.15   0.000     .8510474    1.057068
    /s1xb_z3 |   .9554229   .0495052    19.30   0.000     .8583944    1.052451
         /a0 |   .0842244   .0675928     1.25   0.213    -.0482551    .2167039
         /b1 |   .4488332   .0346899    12.94   0.000     .3808424    .5168241
         /b0 |  -.8868145   .0715273   -12.40   0.000    -1.027006   -.7466235
------------------------------------------------------------------------------

Causal odds ratio for: b1

 ( 1)  [b1]_cons = 0

------------------------------------------------------------------------------
             |     exp(b)   Std. Err.      z    P>|z|     [95% Conf. Interval]
-------------+----------------------------------------------------------------
         (1) |   1.566483   .0543411    12.94   0.000     1.463517    1.676694
------------------------------------------------------------------------------

. assert abs(_b[b1:_cons] - scalar(lor1)) < 1e-2

. assert abs(_se[b1:_cons] - scalar(selor1)) < 1e-2

. 
. cap noi drop pred

. regress x z1 z2 z3 if _n <= 100

      Source |       SS           df       MS      Number of obs   =       100
-------------+----------------------------------   F(3, 96)        =     11.91
       Model |  122.239349         3  40.7464497   Prob > F        =    0.0000
    Residual |  328.524824        96  3.42213358   R-squared       =    0.2712
-------------+----------------------------------   Adj R-squared   =    0.2484
       Total |  450.764173        99  4.55317346   Root MSE        =    1.8499

------------------------------------------------------------------------------
           x |      Coef.   Std. Err.      t    P>|t|     [95% Conf. Interval]
-------------+----------------------------------------------------------------
          z1 |    .820003   .3207528     2.56   0.012     .1833137    1.456692
          z2 |    1.41933   .3039049     4.67   0.000     .8160838    2.022577
          z3 |    .920567   .2938893     3.13   0.002     .3372012    1.503933
       _cons |  -.3875989    .404343    -0.96   0.340    -1.190214    .4150156
------------------------------------------------------------------------------

. predict pred if _n <= 100
(option xb assumed; fitted values)
(2,400 missing values generated)

. logit y pred if _n <= 100

Iteration 0:   log likelihood = -69.294717  
Iteration 1:   log likelihood = -65.243608  
Iteration 2:   log likelihood = -65.239728  
Iteration 3:   log likelihood = -65.239727  

Logistic regression                             Number of obs     =        100
                                                LR chi2(1)        =       8.11
                                                Prob > chi2       =     0.0044
Log likelihood = -65.239727                     Pseudo R2         =     0.0585

------------------------------------------------------------------------------
           y |      Coef.   Std. Err.      z    P>|z|     [95% Conf. Interval]
-------------+----------------------------------------------------------------
        pred |   .5496075   .2053162     2.68   0.007     .1471951    .9520198
       _cons |  -.9312613   .3910448    -2.38   0.017    -1.697695   -.1648277
------------------------------------------------------------------------------

. scalar lor2 = _b[pred]

. scalar selor2 = _se[pred]

. ivtsps y (x = z1 z2 z3) if _n <= 100, link(logit)

Final GMM criterion Q(b) =  2.11e-32

note: model is exactly identified

GMM estimation 

Number of parameters =   6
Number of moments    =   6
Initial weight matrix: Unadjusted                 Number of obs   =        100
GMM weight matrix:     Robust

------------------------------------------------------------------------------
             |               Robust
             |      Coef.   Std. Err.      z    P>|z|     [95% Conf. Interval]
-------------+----------------------------------------------------------------
    /s1xb_z1 |    .820003   .3089263     2.65   0.008     .2145185    1.425487
    /s1xb_z2 |    1.41933   .3008394     4.72   0.000     .8296958    2.008964
    /s1xb_z3 |    .920567   .3021418     3.05   0.002       .32838    1.512754
         /a0 |  -.3875989   .3651993    -1.06   0.289    -1.103376    .3281786
         /b1 |   .5496075   .1497189     3.67   0.000     .2561639    .8430511
         /b0 |  -.9312614    .276238    -3.37   0.001    -1.472678   -.3898448
------------------------------------------------------------------------------
Instruments for equation 1: z1 z2 z3 _cons
Instruments for equation 2: __000004 _cons

Causal odds ratio for: b1

 ( 1)  [b1]_cons = 0

------------------------------------------------------------------------------
             |     exp(b)   Std. Err.      z    P>|z|     [95% Conf. Interval]
-------------+----------------------------------------------------------------
         (1) |   1.732573   .2593988     3.67   0.000     1.291965    2.323445
------------------------------------------------------------------------------

. assert abs(_b[b1:_cons] - scalar(lor2)) < 1e-2

. assert abs(_se[b1:_cons] - scalar(selor2)) < 1e-1

. 
. cap noi drop pred

. regress x w z1 z2 z3

      Source |       SS           df       MS      Number of obs   =     2,500
-------------+----------------------------------   F(4, 2495)      =    656.78
       Model |  5133.54915         4  1283.38729   Prob > F        =    0.0000
    Residual |  4875.41101     2,495  1.95407255   R-squared       =    0.5129
-------------+----------------------------------   Adj R-squared   =    0.5121
       Total |  10008.9602     2,499  4.00518614   Root MSE        =    1.3979

------------------------------------------------------------------------------
           x |      Coef.   Std. Err.      t    P>|t|     [95% Conf. Interval]
-------------+----------------------------------------------------------------
           w |   .9801363   .0278572    35.18   0.000     .9255108    1.034762
          z1 |   .9882395   .0498007    19.84   0.000     .8905846    1.085894
          z2 |   .9152859   .0432582    21.16   0.000     .8304603    1.000111
          z3 |    .954388   .0408959    23.34   0.000     .8741945    1.034581
       _cons |   .0734396   .0547431     1.34   0.180     -.033907    .1807861
------------------------------------------------------------------------------

. predict pred
(option xb assumed; fitted values)

. logit y w pred

Iteration 0:   log likelihood = -1731.4565  
Iteration 1:   log likelihood = -1378.2309  
Iteration 2:   log likelihood = -1378.1819  
Iteration 3:   log likelihood = -1378.1819  

Logistic regression                             Number of obs     =      2,500
                                                LR chi2(2)        =     706.55
                                                Prob > chi2       =     0.0000
Log likelihood = -1378.1819                     Pseudo R2         =     0.2040

------------------------------------------------------------------------------
           y |      Coef.   Std. Err.      z    P>|z|     [95% Conf. Interval]
-------------+----------------------------------------------------------------
           w |   .6330367   .0669263     9.46   0.000     .5018636    .7642098
        pred |   .5740638   .0482844    11.89   0.000     .4794282    .6686995
       _cons |  -1.149458   .0981749   -11.71   0.000    -1.341878    -.957039
------------------------------------------------------------------------------

. scalar lor3 = _b[pred]

. scalar selor3 = _se[pred]

. ivtsps y w (x = z1 z2 z3), link(logit)

Final GMM criterion Q(b) =  2.67e-33

note: model is exactly identified

GMM estimation 

Number of parameters =   8
Number of moments    =   8
Initial weight matrix: Unadjusted                 Number of obs   =      2,500
GMM weight matrix:     Robust

------------------------------------------------------------------------------
             |               Robust
             |      Coef.   Std. Err.      z    P>|z|     [95% Conf. Interval]
-------------+----------------------------------------------------------------
    /s1xb_z1 |   .9882395   .0505573    19.55   0.000     .8891491     1.08733
    /s1xb_z2 |   .9152859   .0431149    21.23   0.000     .8307823    .9997895
    /s1xb_z3 |    .954388   .0404106    23.62   0.000     .8751847    1.033591
     /s1xb_w |   .9801363    .027334    35.86   0.000     .9265627     1.03371
         /a0 |   .0734396   .0541988     1.36   0.175    -.0327882    .1796673
         /b1 |   .5740639   .0434765    13.20   0.000     .4888515    .6592762
 /s2exogxb_w |   .6330367   .0597833    10.59   0.000     .5158637    .7502098
         /b0 |  -1.149458   .0870355   -13.21   0.000    -1.320045   -.9788718
------------------------------------------------------------------------------
Instruments for equation 1: z1 z2 z3 w _cons
Instruments for equation 2: __000004 w _cons

Causal odds ratio for: b1

 ( 1)  [b1]_cons = 0

------------------------------------------------------------------------------
             |     exp(b)   Std. Err.      z    P>|z|     [95% Conf. Interval]
-------------+----------------------------------------------------------------
         (1) |   1.775468   .0771911    13.20   0.000     1.630443    1.933392
------------------------------------------------------------------------------

. assert abs(_b[b1:_cons] - scalar(lor3)) < 1e-2

. assert abs(_se[b1:_cons] - scalar(selor3)) < 1e-2

. 
. ivtsps y (x = z1 z2 z3), link(logit) estonly

------------------------------------------------------------------------------
           y |      Coef.   Std. Err.      z    P>|z|     [95% Conf. Interval]
-------------+----------------------------------------------------------------
    __000004 |   .4488332   .0412018    10.89   0.000     .3680791    .5295873
       _cons |  -.8868145   .0855778   -10.36   0.000    -1.054544   -.7190852
------------------------------------------------------------------------------

. ivtsps

------------------------------------------------------------------------------
           y |      Coef.   Std. Err.      z    P>|z|     [95% Conf. Interval]
-------------+----------------------------------------------------------------
    __000004 |   .4488332   .0412018    10.89   0.000     .3680791    .5295873
       _cons |  -.8868145   .0855778   -10.36   0.000    -1.054544   -.7190852
------------------------------------------------------------------------------

. mat b = e(b)

. assert abs(b[1,1] - scalar(lor1)) < 1e-2

. 
. // check errors
. 
. rcof "noi ivtsps y w (x1 x2 = z1 z2 z3)" == 198
Currently, only 1 endogenous variable is allowed
invalid syntax

. 
end of do-file
      name:  ivtsps
       log:  /Users/tom/Documents/GitHub/ivonesamplemr/cscripts/ivtsps.log
  log type:  text
 closed on:  11 Sep 2021, 16:21:08
-------------------------------------------------------------------------------
-------------------------------------------------------------------------------
      name:  ivtsri
       log:  /Users/tom/Documents/GitHub/ivonesamplemr/cscripts/ivtsri.log
  log type:  text
 opened on:  11 Sep 2021, 16:21:08

. // ivtsri cscript
. // 2021-09-06
. 
. cscript ivtsri adofiles ivtsri
-------------------------------------------------------------------BEGIN ivtsri

-> which ivtsri, usesysdir
/Users/tom/Documents/GitHub/ivonesamplemr/ivtsri.ado
*! 1.0.0 Tom Palmer 05sep2021

. 
. // simulate data
. clear

. set obs 2500
number of observations (_N) was 0, now 2,500

. set seed 12345

. gen z1 = rbinomial(2, .2)

. gen z2 = rbinomial(2, .3)

. gen z3 = rbinomial(2, .4)

. gen u = rnormal()

. gen w = rnormal()

. gen x = z1 + z2 + z3 + w + u + rnormal()

. gen logitpy = -2 + x + w + u

. gen py = invlogit(logitpy)

. gen y = rbinomial(1, py)

. gen x1 = x

. gen x2 = rnormal()

. 
. // tests
. 
. // identity link
. 
. ivregress gmm y (x = z1 z2 z3)

Instrumental variables (GMM) regression           Number of obs   =      2,500
                                                  Wald chi2(1)    =     207.53
                                                  Prob > chi2     =     0.0000
                                                  R-squared       =     0.3690
GMM weight matrix: Robust                         Root MSE        =     .39694

------------------------------------------------------------------------------
             |               Robust
           y |      Coef.   Std. Err.      z    P>|z|     [95% Conf. Interval]
-------------+----------------------------------------------------------------
           x |   .1071817   .0074402    14.41   0.000     .0925993    .1217642
       _cons |   .2879039   .0157363    18.30   0.000     .2570612    .3187465
------------------------------------------------------------------------------
Instrumented:  x
Instruments:   z1 z2 z3

. scalar bx1 = _b[x]

. scalar sx1 = _se[x]

. estat endog

  Test of endogeneity (orthogonality conditions)
  Ho: variables are exogenous

  GMM C statistic chi2(1) =  67.6905  (p = 0.0000)

. scalar endogteststat = r(C)

. ivtsri y (x = z1 z2 z3)

Final GMM criterion Q(b) =  3.73e-33

note: model is exactly identified

GMM estimation 

Number of parameters =   7
Number of moments    =   7
Initial weight matrix: Unadjusted                 Number of obs   =      2,500
GMM weight matrix:     Robust

------------------------------------------------------------------------------
             |               Robust
             |      Coef.   Std. Err.      z    P>|z|     [95% Conf. Interval]
-------------+----------------------------------------------------------------
    /s1xb_z1 |   .9945859   .0614877    16.18   0.000     .8740722      1.1151
    /s1xb_z2 |   .9540576   .0525572    18.15   0.000     .8510474    1.057068
    /s1xb_z3 |   .9554229   .0495052    19.30   0.000     .8583944    1.052451
         /a0 |   .0842244   .0675928     1.25   0.213    -.0482551    .2167039
         /b1 |   .1070019   .0074424    14.38   0.000      .092415    .1215889
         /b2 |   .0740544    .009023     8.21   0.000     .0563696    .0917393
         /b0 |   .2879917   .0157401    18.30   0.000     .2571416    .3188417
------------------------------------------------------------------------------
Instruments for equation 1: z1 z2 z3 _cons
Instruments for equation 2: x __000004 _cons

Causal risk difference for: b1

 ( 1)  [b1]_cons = 0

------------------------------------------------------------------------------
             |      Coef.   Std. Err.      z    P>|z|     [95% Conf. Interval]
-------------+----------------------------------------------------------------
         (1) |   .1070019   .0074424    14.38   0.000      .092415    .1215889
------------------------------------------------------------------------------

Causal risk difference for: b2

 ( 1)  [b2]_cons = 0

------------------------------------------------------------------------------
             |      Coef.   Std. Err.      z    P>|z|     [95% Conf. Interval]
-------------+----------------------------------------------------------------
         (1) |   .0740544    .009023     8.21   0.000     .0563696    .0917393
------------------------------------------------------------------------------

. ivtsri

------------------------------------------------------------------------------
             |               Robust
             |      Coef.   Std. Err.      z    P>|z|     [95% Conf. Interval]
-------------+----------------------------------------------------------------
    /s1xb_z1 |   .9945859   .0614877    16.18   0.000     .8740722      1.1151
    /s1xb_z2 |   .9540576   .0525572    18.15   0.000     .8510474    1.057068
    /s1xb_z3 |   .9554229   .0495052    19.30   0.000     .8583944    1.052451
         /a0 |   .0842244   .0675928     1.25   0.213    -.0482551    .2167039
         /b1 |   .1070019   .0074424    14.38   0.000      .092415    .1215889
         /b2 |   .0740544    .009023     8.21   0.000     .0563696    .0917393
         /b0 |   .2879917   .0157401    18.30   0.000     .2571416    .3188417
------------------------------------------------------------------------------

Causal risk difference for: b1

 ( 1)  [b1]_cons = 0

------------------------------------------------------------------------------
             |      Coef.   Std. Err.      z    P>|z|     [95% Conf. Interval]
-------------+----------------------------------------------------------------
         (1) |   .1070019   .0074424    14.38   0.000      .092415    .1215889
------------------------------------------------------------------------------

Causal risk difference for: b2

 ( 1)  [b2]_cons = 0

------------------------------------------------------------------------------
             |      Coef.   Std. Err.      z    P>|z|     [95% Conf. Interval]
-------------+----------------------------------------------------------------
         (1) |   .0740544    .009023     8.21   0.000     .0563696    .0917393
------------------------------------------------------------------------------

. assert abs(_b[b1:_cons] - scalar(bx1)) < 1e-2

. assert abs(_se[b1:_cons] - scalar(sx1)) < 1e-3

. assert abs((_b[b2:_cons] / _se[b2:_cons])^2 - scalar(endogteststat)) < 1e0

. 
. ivtsri y (x = z1 z2 z3), onestep

Final GMM criterion Q(b) =  6.99e-33

note: model is exactly identified

GMM estimation 

Number of parameters =   7
Number of moments    =   7
Initial weight matrix: Unadjusted                 Number of obs   =      2,500

------------------------------------------------------------------------------
             |               Robust
             |      Coef.   Std. Err.      z    P>|z|     [95% Conf. Interval]
-------------+----------------------------------------------------------------
    /s1xb_z1 |   .9945859   .0614877    16.18   0.000     .8740722      1.1151
    /s1xb_z2 |   .9540576   .0525572    18.15   0.000     .8510474    1.057068
    /s1xb_z3 |   .9554229   .0495052    19.30   0.000     .8583944    1.052451
         /a0 |   .0842244   .0675928     1.25   0.213    -.0482551    .2167039
         /b1 |   .1070019   .0074424    14.38   0.000      .092415    .1215889
         /b2 |   .0740544    .009023     8.21   0.000     .0563696    .0917393
         /b0 |   .2879917   .0157401    18.30   0.000     .2571416    .3188417
------------------------------------------------------------------------------
Instruments for equation 1: z1 z2 z3 _cons
Instruments for equation 2: x __000004 _cons

Causal risk difference for: b1

 ( 1)  [b1]_cons = 0

------------------------------------------------------------------------------
             |      Coef.   Std. Err.      z    P>|z|     [95% Conf. Interval]
-------------+----------------------------------------------------------------
         (1) |   .1070019   .0074424    14.38   0.000      .092415    .1215889
------------------------------------------------------------------------------

Causal risk difference for: b2

 ( 1)  [b2]_cons = 0

------------------------------------------------------------------------------
             |      Coef.   Std. Err.      z    P>|z|     [95% Conf. Interval]
-------------+----------------------------------------------------------------
         (1) |   .0740544    .009023     8.21   0.000     .0563696    .0917393
------------------------------------------------------------------------------

. assert abs(_b[b1:_cons] - scalar(bx1)) < 1e-2

. assert abs(_se[b1:_cons] - scalar(sx1)) < 1e-3

. 
. ivregress gmm y (x = z1 z2 z3) if _n <= 50

Instrumental variables (GMM) regression           Number of obs   =         50
                                                  Wald chi2(1)    =      36.62
                                                  Prob > chi2     =     0.0000
                                                  R-squared       =     0.5501
GMM weight matrix: Robust                         Root MSE        =     .33512

------------------------------------------------------------------------------
             |               Robust
           y |      Coef.   Std. Err.      z    P>|z|     [95% Conf. Interval]
-------------+----------------------------------------------------------------
           x |   .1781062   .0294317     6.05   0.000     .1204211    .2357912
       _cons |   .2258489   .0642993     3.51   0.000     .0998245    .3518732
------------------------------------------------------------------------------
Instrumented:  x
Instruments:   z1 z2 z3

. scalar bx2 = _b[x]

. scalar sx2 = _se[x]

. ivtsri y (x = z1 z2 z3) if _n <= 50

Final GMM criterion Q(b) =  1.81e-33

note: model is exactly identified

GMM estimation 

Number of parameters =   7
Number of moments    =   7
Initial weight matrix: Unadjusted                 Number of obs   =         50
GMM weight matrix:     Robust

------------------------------------------------------------------------------
             |               Robust
             |      Coef.   Std. Err.      z    P>|z|     [95% Conf. Interval]
-------------+----------------------------------------------------------------
    /s1xb_z1 |   1.060589   .3962486     2.68   0.007     .2839558    1.837222
    /s1xb_z2 |   1.148148   .3925519     2.92   0.003     .3787603    1.917535
    /s1xb_z3 |   1.403546   .3177779     4.42   0.000      .780713    2.026379
         /a0 |  -.5013724   .3595452    -1.39   0.163    -1.206068    .2033233
         /b1 |      .1713   .0290798     5.89   0.000     .1143046    .2282954
         /b2 |   .0036814    .039025     0.09   0.925    -.0728061    .0801689
         /b0 |   .2434077   .0653369     3.73   0.000     .1153498    .3714656
------------------------------------------------------------------------------
Instruments for equation 1: z1 z2 z3 _cons
Instruments for equation 2: x __000004 _cons

Causal risk difference for: b1

 ( 1)  [b1]_cons = 0

------------------------------------------------------------------------------
             |      Coef.   Std. Err.      z    P>|z|     [95% Conf. Interval]
-------------+----------------------------------------------------------------
         (1) |      .1713   .0290798     5.89   0.000     .1143046    .2282954
------------------------------------------------------------------------------

Causal risk difference for: b2

 ( 1)  [b2]_cons = 0

------------------------------------------------------------------------------
             |      Coef.   Std. Err.      z    P>|z|     [95% Conf. Interval]
-------------+----------------------------------------------------------------
         (1) |   .0036814    .039025     0.09   0.925    -.0728061    .0801689
------------------------------------------------------------------------------

. assert abs(_b[b1:_cons] - scalar(bx2)) < 1e-2

. assert abs(_se[b1:_cons] - scalar(sx2)) < 1e-3

. 
. ivtsri y (x = z1 z2 z3), link(identity)

Final GMM criterion Q(b) =  3.73e-33

note: model is exactly identified

GMM estimation 

Number of parameters =   7
Number of moments    =   7
Initial weight matrix: Unadjusted                 Number of obs   =      2,500
GMM weight matrix:     Robust

------------------------------------------------------------------------------
             |               Robust
             |      Coef.   Std. Err.      z    P>|z|     [95% Conf. Interval]
-------------+----------------------------------------------------------------
    /s1xb_z1 |   .9945859   .0614877    16.18   0.000     .8740722      1.1151
    /s1xb_z2 |   .9540576   .0525572    18.15   0.000     .8510474    1.057068
    /s1xb_z3 |   .9554229   .0495052    19.30   0.000     .8583944    1.052451
         /a0 |   .0842244   .0675928     1.25   0.213    -.0482551    .2167039
         /b1 |   .1070019   .0074424    14.38   0.000      .092415    .1215889
         /b2 |   .0740544    .009023     8.21   0.000     .0563696    .0917393
         /b0 |   .2879917   .0157401    18.30   0.000     .2571416    .3188417
------------------------------------------------------------------------------
Instruments for equation 1: z1 z2 z3 _cons
Instruments for equation 2: x __000004 _cons

Causal risk difference for: b1

 ( 1)  [b1]_cons = 0

------------------------------------------------------------------------------
             |      Coef.   Std. Err.      z    P>|z|     [95% Conf. Interval]
-------------+----------------------------------------------------------------
         (1) |   .1070019   .0074424    14.38   0.000      .092415    .1215889
------------------------------------------------------------------------------

Causal risk difference for: b2

 ( 1)  [b2]_cons = 0

------------------------------------------------------------------------------
             |      Coef.   Std. Err.      z    P>|z|     [95% Conf. Interval]
-------------+----------------------------------------------------------------
         (1) |   .0740544    .009023     8.21   0.000     .0563696    .0917393
------------------------------------------------------------------------------

. assert abs(_b[b1:_cons] - scalar(bx1)) < 1e-2

. assert abs(_se[b1:_cons] - scalar(sx1)) < 1e-3

. 
. ivregress gmm y w (x = z1 z2 z3)

Instrumental variables (GMM) regression           Number of obs   =      2,500
                                                  Wald chi2(2)    =    1628.49
                                                  Prob > chi2     =     0.0000
                                                  R-squared       =     0.4202
GMM weight matrix: Robust                         Root MSE        =     .38051

------------------------------------------------------------------------------
             |               Robust
           y |      Coef.   Std. Err.      z    P>|z|     [95% Conf. Interval]
-------------+----------------------------------------------------------------
           x |   .1054227   .0073416    14.36   0.000     .0910334     .119812
           w |   .1159165    .010589    10.95   0.000     .0951624    .1366707
       _cons |   .2865861   .0150723    19.01   0.000     .2570449    .3161273
------------------------------------------------------------------------------
Instrumented:  x
Instruments:   w z1 z2 z3

. scalar bx3 = _b[x]

. scalar sx3 = _se[x]

. ivtsri y w (x = z1 z2 z3), link(identity)

Final GMM criterion Q(b) =  4.63e-33

note: model is exactly identified

GMM estimation 

Number of parameters =   9
Number of moments    =   9
Initial weight matrix: Unadjusted                 Number of obs   =      2,500
GMM weight matrix:     Robust

------------------------------------------------------------------------------
             |               Robust
             |      Coef.   Std. Err.      z    P>|z|     [95% Conf. Interval]
-------------+----------------------------------------------------------------
    /s1xb_z1 |   .9882395   .0505573    19.55   0.000     .8891491     1.08733
    /s1xb_z2 |   .9152859   .0431149    21.23   0.000     .8307823    .9997895
    /s1xb_z3 |    .954388   .0404106    23.62   0.000     .8751847    1.033591
     /s1xb_w |   .9801363    .027334    35.86   0.000     .9265627     1.03371
         /a0 |   .0734396   .0541988     1.36   0.175    -.0327882    .1796673
         /b1 |   .1052528   .0073427    14.33   0.000     .0908613    .1196442
         /b2 |   .0545595   .0092853     5.88   0.000     .0363606    .0727584
 /s2exogxb_w |   .1160821   .0105911    10.96   0.000     .0953239    .1368403
         /b0 |   .2867508   .0150764    19.02   0.000     .2572016       .3163
------------------------------------------------------------------------------
Instruments for equation 1: z1 z2 z3 w _cons
Instruments for equation 2: x __000004 w _cons

Causal risk difference for: b1

 ( 1)  [b1]_cons = 0

------------------------------------------------------------------------------
             |      Coef.   Std. Err.      z    P>|z|     [95% Conf. Interval]
-------------+----------------------------------------------------------------
         (1) |   .1052528   .0073427    14.33   0.000     .0908613    .1196442
------------------------------------------------------------------------------

Causal risk difference for: b2

 ( 1)  [b2]_cons = 0

------------------------------------------------------------------------------
             |      Coef.   Std. Err.      z    P>|z|     [95% Conf. Interval]
-------------+----------------------------------------------------------------
         (1) |   .0545595   .0092853     5.88   0.000     .0363606    .0727584
------------------------------------------------------------------------------

. assert abs(_b[b1:_cons] - scalar(bx3)) < 1e-2

. assert abs(_se[b1:_cons] - scalar(sx3)) < 1e-3

. 
. ivtsri y (x = z1 z2 z3), estonly

------------------------------------------------------------------------------
           y |      Coef.   Std. Err.      t    P>|t|     [95% Conf. Interval]
-------------+----------------------------------------------------------------
           x |   .1070019   .0072277    14.80   0.000      .092829    .1211749
    __000004 |   .0740544   .0084664     8.75   0.000     .0574525    .0906564
       _cons |   .2879917   .0151852    18.97   0.000     .2582148    .3177685
------------------------------------------------------------------------------

. ivtsri

------------------------------------------------------------------------------
           y |      Coef.   Std. Err.      t    P>|t|     [95% Conf. Interval]
-------------+----------------------------------------------------------------
           x |   .1070019   .0072277    14.80   0.000      .092829    .1211749
    __000004 |   .0740544   .0084664     8.75   0.000     .0574525    .0906564
       _cons |   .2879917   .0151852    18.97   0.000     .2582148    .3177685
------------------------------------------------------------------------------

. mat b = e(b)

. assert abs(b[1,1] - scalar(bx1)) < 1e-2

. 
. // logadd link
. 
. cap noi drop res
variable res not found

. regress x z1 z2 z3

      Source |       SS           df       MS      Number of obs   =     2,500
-------------+----------------------------------   F(3, 2496)      =    309.62
       Model |  2714.52663         3   904.84221   Prob > F        =    0.0000
    Residual |  7294.43352     2,496  2.92244933   R-squared       =    0.2712
-------------+----------------------------------   Adj R-squared   =    0.2703
       Total |  10008.9602     2,499  4.00518614   Root MSE        =    1.7095

------------------------------------------------------------------------------
           x |      Coef.   Std. Err.      t    P>|t|     [95% Conf. Interval]
-------------+----------------------------------------------------------------
          z1 |   .9945859   .0609026    16.33   0.000     .8751611    1.114011
          z2 |   .9540576   .0528847    18.04   0.000     .8503552     1.05776
          z3 |   .9554229    .050013    19.10   0.000     .8573517    1.053494
       _cons |   .0842244   .0669462     1.26   0.208    -.0470513    .2155001
------------------------------------------------------------------------------

. predict double res, res

. poisson y x res

Iteration 0:   log likelihood = -1810.4754  
Iteration 1:   log likelihood = -1810.4754  

Poisson regression                              Number of obs     =      2,500
                                                LR chi2(2)        =     552.27
                                                Prob > chi2       =     0.0000
Log likelihood = -1810.4754                     Pseudo R2         =     0.1323

------------------------------------------------------------------------------
           y |      Coef.   Std. Err.      z    P>|z|     [95% Conf. Interval]
-------------+----------------------------------------------------------------
           x |    .204947   .0264587     7.75   0.000      .153089     .256805
         res |    .165149   .0316964     5.21   0.000     .1030252    .2272729
       _cons |  -1.326536   .0639398   -20.75   0.000    -1.451855   -1.201216
------------------------------------------------------------------------------

. scalar larr1 = _b[x]

. scalar selarr1 = _se[x]

. ivtsri y (x = z1 z2 z3), link(logadd)

Final GMM criterion Q(b) =  6.95e-33

note: model is exactly identified

GMM estimation 

Number of parameters =   7
Number of moments    =   7
Initial weight matrix: Unadjusted                 Number of obs   =      2,500
GMM weight matrix:     Robust

------------------------------------------------------------------------------
             |               Robust
             |      Coef.   Std. Err.      z    P>|z|     [95% Conf. Interval]
-------------+----------------------------------------------------------------
    /s1xb_z1 |   .9945859   .0614877    16.18   0.000     .8740722      1.1151
    /s1xb_z2 |   .9540576   .0525572    18.15   0.000     .8510474    1.057068
    /s1xb_z3 |   .9554229   .0495052    19.30   0.000     .8583944    1.052451
         /a0 |   .0842244   .0675928     1.25   0.213    -.0482551    .2167039
         /b1 |    .204947   .0167534    12.23   0.000     .1721109    .2377831
         /b2 |   .1651491   .0197853     8.35   0.000     .1263706    .2039275
         /b0 |  -1.326536   .0446685   -29.70   0.000    -1.414084   -1.238987
------------------------------------------------------------------------------
Instruments for equation 1: z1 z2 z3 _cons
Instruments for equation 2: x __000004 _cons

Causal risk ratio for: b1

 ( 1)  [b1]_cons = 0

------------------------------------------------------------------------------
             |     exp(b)   Std. Err.      z    P>|z|     [95% Conf. Interval]
-------------+----------------------------------------------------------------
         (1) |    1.22746   .0205641    12.23   0.000      1.18781    1.268434
------------------------------------------------------------------------------

Causal risk ratio for: b2

 ( 1)  [b2]_cons = 0

------------------------------------------------------------------------------
             |     exp(b)   Std. Err.      z    P>|z|     [95% Conf. Interval]
-------------+----------------------------------------------------------------
         (1) |   1.179569   .0233381     8.35   0.000     1.134703    1.226209
------------------------------------------------------------------------------

. ivtsri

------------------------------------------------------------------------------
             |               Robust
             |      Coef.   Std. Err.      z    P>|z|     [95% Conf. Interval]
-------------+----------------------------------------------------------------
    /s1xb_z1 |   .9945859   .0614877    16.18   0.000     .8740722      1.1151
    /s1xb_z2 |   .9540576   .0525572    18.15   0.000     .8510474    1.057068
    /s1xb_z3 |   .9554229   .0495052    19.30   0.000     .8583944    1.052451
         /a0 |   .0842244   .0675928     1.25   0.213    -.0482551    .2167039
         /b1 |    .204947   .0167534    12.23   0.000     .1721109    .2377831
         /b2 |   .1651491   .0197853     8.35   0.000     .1263706    .2039275
         /b0 |  -1.326536   .0446685   -29.70   0.000    -1.414084   -1.238987
------------------------------------------------------------------------------

Causal risk ratio for: b1

 ( 1)  [b1]_cons = 0

------------------------------------------------------------------------------
             |     exp(b)   Std. Err.      z    P>|z|     [95% Conf. Interval]
-------------+----------------------------------------------------------------
         (1) |    1.22746   .0205641    12.23   0.000      1.18781    1.268434
------------------------------------------------------------------------------

Causal risk ratio for: b2

 ( 1)  [b2]_cons = 0

------------------------------------------------------------------------------
             |     exp(b)   Std. Err.      z    P>|z|     [95% Conf. Interval]
-------------+----------------------------------------------------------------
         (1) |   1.179569   .0233381     8.35   0.000     1.134703    1.226209
------------------------------------------------------------------------------

. assert abs(_b[b1:_cons] - scalar(larr1)) < 1e-2

. assert abs(_se[b1:_cons] - scalar(selarr1)) < 1e-2

. 
. cap noi drop res

. regress x z1 z2 z3 if _n <= 200

      Source |       SS           df       MS      Number of obs   =       200
-------------+----------------------------------   F(3, 196)       =     23.42
       Model |  212.415301         3  70.8051002   Prob > F        =    0.0000
    Residual |  592.447131       196  3.02268944   R-squared       =    0.2639
-------------+----------------------------------   Adj R-squared   =    0.2526
       Total |  804.862431       199  4.04453483   Root MSE        =    1.7386

------------------------------------------------------------------------------
           x |      Coef.   Std. Err.      t    P>|t|     [95% Conf. Interval]
-------------+----------------------------------------------------------------
          z1 |    .960665   .2046653     4.69   0.000     .5570362    1.364294
          z2 |   1.017943   .2013996     5.05   0.000      .620755    1.415132
          z3 |   1.105939   .1918124     5.77   0.000     .7276577     1.48422
       _cons |  -.1036275   .2577458    -0.40   0.688    -.6119386    .4046836
------------------------------------------------------------------------------

. predict double res if _n <= 200, res
(2,300 missing values generated)

. poisson y x res if _n <= 200

Iteration 0:   log likelihood = -151.21937  
Iteration 1:   log likelihood = -151.21931  
Iteration 2:   log likelihood = -151.21931  

Poisson regression                              Number of obs     =        200
                                                LR chi2(2)        =      42.88
                                                Prob > chi2       =     0.0000
Log likelihood = -151.21931                     Pseudo R2         =     0.1242

------------------------------------------------------------------------------
           y |      Coef.   Std. Err.      z    P>|z|     [95% Conf. Interval]
-------------+----------------------------------------------------------------
           x |   .2241425   .0872348     2.57   0.010     .0531655    .3951195
         res |   .1423872   .1026672     1.39   0.165    -.0588368    .3436111
       _cons |  -1.260957   .2150672    -5.86   0.000    -1.682481   -.8394332
------------------------------------------------------------------------------

. scalar larr2 = _b[x]

. scalar selarr2 = _se[x]

. ivtsri y (x = z1 z2 z3) if _n <= 200, link(logadd)

Final GMM criterion Q(b) =  8.12e-33

note: model is exactly identified

GMM estimation 

Number of parameters =   7
Number of moments    =   7
Initial weight matrix: Unadjusted                 Number of obs   =        200
GMM weight matrix:     Robust

------------------------------------------------------------------------------
             |               Robust
             |      Coef.   Std. Err.      z    P>|z|     [95% Conf. Interval]
-------------+----------------------------------------------------------------
    /s1xb_z1 |    .960665   .1863621     5.15   0.000      .595402    1.325928
    /s1xb_z2 |   1.017943   .1993872     5.11   0.000     .6271518    1.408735
    /s1xb_z3 |   1.105939   .1977604     5.59   0.000     .7183356    1.493542
         /a0 |  -.1036275   .2498245    -0.41   0.678    -.5932745    .3860195
         /b1 |   .2241425   .0467658     4.79   0.000     .1324832    .3158019
         /b2 |   .1423872   .0539735     2.64   0.008      .036601    .2481733
         /b0 |  -1.260957   .1392786    -9.05   0.000    -1.533938    -.987976
------------------------------------------------------------------------------
Instruments for equation 1: z1 z2 z3 _cons
Instruments for equation 2: x __000004 _cons

Causal risk ratio for: b1

 ( 1)  [b1]_cons = 0

------------------------------------------------------------------------------
             |     exp(b)   Std. Err.      z    P>|z|     [95% Conf. Interval]
-------------+----------------------------------------------------------------
         (1) |   1.251249   .0585157     4.79   0.000      1.14166    1.371359
------------------------------------------------------------------------------

Causal risk ratio for: b2

 ( 1)  [b2]_cons = 0

------------------------------------------------------------------------------
             |     exp(b)   Std. Err.      z    P>|z|     [95% Conf. Interval]
-------------+----------------------------------------------------------------
         (1) |   1.153023   .0622327     2.64   0.008     1.037279    1.281682
------------------------------------------------------------------------------

. assert abs(_b[b1:_cons] - scalar(larr2)) < 1e-2

. assert abs(_se[b1:_cons] - scalar(selarr2)) < 1e-1

. 
. cap noi drop res

. regress x z1 z2 z3 w

      Source |       SS           df       MS      Number of obs   =     2,500
-------------+----------------------------------   F(4, 2495)      =    656.78
       Model |  5133.54915         4  1283.38729   Prob > F        =    0.0000
    Residual |  4875.41101     2,495  1.95407255   R-squared       =    0.5129
-------------+----------------------------------   Adj R-squared   =    0.5121
       Total |  10008.9602     2,499  4.00518614   Root MSE        =    1.3979

------------------------------------------------------------------------------
           x |      Coef.   Std. Err.      t    P>|t|     [95% Conf. Interval]
-------------+----------------------------------------------------------------
          z1 |   .9882395   .0498007    19.84   0.000     .8905846    1.085894
          z2 |   .9152859   .0432582    21.16   0.000     .8304603    1.000111
          z3 |    .954388   .0408959    23.34   0.000     .8741945    1.034581
           w |   .9801363   .0278572    35.18   0.000     .9255108    1.034762
       _cons |   .0734396   .0547431     1.34   0.180     -.033907    .1807861
------------------------------------------------------------------------------

. predict double res, res

. poisson y x res w

Iteration 0:   log likelihood = -1804.0989  
Iteration 1:   log likelihood = -1804.0989  

Poisson regression                              Number of obs     =      2,500
                                                LR chi2(3)        =     565.02
                                                Prob > chi2       =     0.0000
Log likelihood = -1804.0989                     Pseudo R2         =     0.1354

------------------------------------------------------------------------------
           y |      Coef.   Std. Err.      z    P>|z|     [95% Conf. Interval]
-------------+----------------------------------------------------------------
           x |   .2005151   .0268895     7.46   0.000     .1478127    .2532175
         res |   .1272374    .034081     3.73   0.000     .0604399    .1940348
           w |   .2483673    .039375     6.31   0.000     .1711938    .3255409
       _cons |  -1.332769   .0638056   -20.89   0.000    -1.457825   -1.207712
------------------------------------------------------------------------------

. scalar larr3 = _b[x]

. scalar selarr3 = _se[x]

. ivtsri y w (x = z1 z2 z3), link(logadd)

Final GMM criterion Q(b) =  3.27e-33

note: model is exactly identified

GMM estimation 

Number of parameters =   9
Number of moments    =   9
Initial weight matrix: Unadjusted                 Number of obs   =      2,500
GMM weight matrix:     Robust

------------------------------------------------------------------------------
             |               Robust
             |      Coef.   Std. Err.      z    P>|z|     [95% Conf. Interval]
-------------+----------------------------------------------------------------
    /s1xb_z1 |   .9882395   .0505573    19.55   0.000     .8891491     1.08733
    /s1xb_z2 |   .9152859   .0431149    21.23   0.000     .8307823    .9997895
    /s1xb_z3 |    .954388   .0404106    23.62   0.000     .8751847    1.033591
     /s1xb_w |   .9801363    .027334    35.86   0.000     .9265627     1.03371
         /a0 |   .0734396   .0541988     1.36   0.175    -.0327882    .1796673
         /b1 |   .2005151   .0166767    12.02   0.000     .1678294    .2332007
         /b2 |   .1272374   .0204528     6.22   0.000     .0871507    .1673241
 /s2exogxb_w |   .2483674   .0243529    10.20   0.000     .2006365    .2960982
         /b0 |  -1.332769   .0428083   -31.13   0.000    -1.416671   -1.248866
------------------------------------------------------------------------------
Instruments for equation 1: z1 z2 z3 w _cons
Instruments for equation 2: x __000004 w _cons

Causal risk ratio for: b1

 ( 1)  [b1]_cons = 0

------------------------------------------------------------------------------
             |     exp(b)   Std. Err.      z    P>|z|     [95% Conf. Interval]
-------------+----------------------------------------------------------------
         (1) |   1.222032   .0203794    12.02   0.000     1.182735    1.262635
------------------------------------------------------------------------------

Causal risk ratio for: b2

 ( 1)  [b2]_cons = 0

------------------------------------------------------------------------------
             |     exp(b)   Std. Err.      z    P>|z|     [95% Conf. Interval]
-------------+----------------------------------------------------------------
         (1) |   1.135687    .023228     6.22   0.000     1.091061    1.182137
------------------------------------------------------------------------------

. assert abs(_b[b1:_cons] - scalar(larr3)) < 1e-2

. assert abs(_se[b1:_cons] - scalar(selarr3)) < 5e-2

. 
. ivtsri y (x = z1 z2 z3), link(logadd) estonly

------------------------------------------------------------------------------
             |                 OIM
           y |      Coef.   Std. Err.      z    P>|z|     [95% Conf. Interval]
-------------+----------------------------------------------------------------
           x |    .204947   .0264587     7.75   0.000      .153089     .256805
    __000004 |   .1651491   .0316964     5.21   0.000     .1030253    .2272729
       _cons |  -1.326536   .0639398   -20.75   0.000    -1.451855   -1.201216
------------------------------------------------------------------------------

. ivtsri

------------------------------------------------------------------------------
             |                 OIM
           y |      Coef.   Std. Err.      z    P>|z|     [95% Conf. Interval]
-------------+----------------------------------------------------------------
           x |    .204947   .0264587     7.75   0.000      .153089     .256805
    __000004 |   .1651491   .0316964     5.21   0.000     .1030253    .2272729
       _cons |  -1.326536   .0639398   -20.75   0.000    -1.451855   -1.201216
------------------------------------------------------------------------------

. mat b = e(b)

. assert abs(b[1,1] - scalar(larr1)) < 1e-2

. 
. // logmult link
. 
. ivpoisson cfunction y (x = z1 z2 z3), nolog

Final GMM criterion Q(b) =  4.91e-20

note: model is exactly identified

Exponential mean model with endogenous regressors

Number of parameters =   7                         Number of obs  =      2,500
Number of moments    =   7
Initial weight matrix: Unadjusted
GMM weight matrix:     Robust

------------------------------------------------------------------------------
             |               Robust
           y |      Coef.   Std. Err.      z    P>|z|     [95% Conf. Interval]
-------------+----------------------------------------------------------------
y            |
           x |   .4135643   .0456204     9.07   0.000     .3241499    .5029786
       _cons |  -1.914564   .1100322   -17.40   0.000    -2.130223   -1.698905
-------------+----------------------------------------------------------------
x            |
          z1 |   .9945859   .0614877    16.18   0.000     .8740722      1.1151
          z2 |   .9540576   .0525572    18.15   0.000     .8510474    1.057068
          z3 |   .9554229   .0495052    19.30   0.000     .8583944    1.052451
       _cons |   .0842244   .0675928     1.25   0.213    -.0482551    .2167039
-------------+----------------------------------------------------------------
        /c_x |   .3079003   .0455426     6.76   0.000     .2186384    .3971621
------------------------------------------------------------------------------
Instrumented:  x
Instruments:   z1 z2 z3

. scalar lmrr1 = _b[x]

. scalar selmrr1 = _se[x]

. ivtsri y (x = z1 z2 z3), link(logmult)

Final GMM criterion Q(b) =  1.32e-32

note: model is exactly identified

GMM estimation 

Number of parameters =   7
Number of moments    =   7
Initial weight matrix: Unadjusted                 Number of obs   =      2,500
GMM weight matrix:     Robust

------------------------------------------------------------------------------
             |               Robust
             |      Coef.   Std. Err.      z    P>|z|     [95% Conf. Interval]
-------------+----------------------------------------------------------------
    /s1xb_z1 |   .9945859   .0614877    16.18   0.000     .8740722      1.1151
    /s1xb_z2 |   .9540576   .0525572    18.15   0.000     .8510474    1.057068
    /s1xb_z3 |   .9554229   .0495052    19.30   0.000     .8583944    1.052451
         /a0 |   .0842244   .0675928     1.25   0.213    -.0482551    .2167039
         /b1 |   .4135643   .0456204     9.07   0.000     .3241499    .5029786
         /b2 |   .3079002   .0455426     6.76   0.000     .2186384    .3971621
         /b0 |  -1.914564   .1100322   -17.40   0.000    -2.130223   -1.698905
------------------------------------------------------------------------------
Instruments for equation 1: z1 z2 z3 _cons
Instruments for equation 2: x __000004 _cons

Causal risk ratio for: b1

 ( 1)  [b1]_cons = 0

------------------------------------------------------------------------------
             |     exp(b)   Std. Err.      z    P>|z|     [95% Conf. Interval]
-------------+----------------------------------------------------------------
         (1) |   1.512198   .0689871     9.07   0.000     1.382855     1.65364
------------------------------------------------------------------------------

Causal risk ratio for: b2

 ( 1)  [b2]_cons = 0

------------------------------------------------------------------------------
             |     exp(b)   Std. Err.      z    P>|z|     [95% Conf. Interval]
-------------+----------------------------------------------------------------
         (1) |   1.360565   .0619637     6.76   0.000     1.244381    1.487597
------------------------------------------------------------------------------

. ivtsri

------------------------------------------------------------------------------
             |               Robust
             |      Coef.   Std. Err.      z    P>|z|     [95% Conf. Interval]
-------------+----------------------------------------------------------------
    /s1xb_z1 |   .9945859   .0614877    16.18   0.000     .8740722      1.1151
    /s1xb_z2 |   .9540576   .0525572    18.15   0.000     .8510474    1.057068
    /s1xb_z3 |   .9554229   .0495052    19.30   0.000     .8583944    1.052451
         /a0 |   .0842244   .0675928     1.25   0.213    -.0482551    .2167039
         /b1 |   .4135643   .0456204     9.07   0.000     .3241499    .5029786
         /b2 |   .3079002   .0455426     6.76   0.000     .2186384    .3971621
         /b0 |  -1.914564   .1100322   -17.40   0.000    -2.130223   -1.698905
------------------------------------------------------------------------------

Causal risk ratio for: b1

 ( 1)  [b1]_cons = 0

------------------------------------------------------------------------------
             |     exp(b)   Std. Err.      z    P>|z|     [95% Conf. Interval]
-------------+----------------------------------------------------------------
         (1) |   1.512198   .0689871     9.07   0.000     1.382855     1.65364
------------------------------------------------------------------------------

Causal risk ratio for: b2

 ( 1)  [b2]_cons = 0

------------------------------------------------------------------------------
             |     exp(b)   Std. Err.      z    P>|z|     [95% Conf. Interval]
-------------+----------------------------------------------------------------
         (1) |   1.360565   .0619637     6.76   0.000     1.244381    1.487597
------------------------------------------------------------------------------

. assert abs(_b[b1:_cons] - scalar(lmrr1)) < 1e-2

. assert abs(_se[b1:_cons] - scalar(selmrr1)) < 1e-2

. 
. ivpoisson cfunction y (x = z1 z2 z3) if _n <= 250, nolog

Final GMM criterion Q(b) =  1.57e-21

note: model is exactly identified

Exponential mean model with endogenous regressors

Number of parameters =   7                         Number of obs  =        250
Number of moments    =   7
Initial weight matrix: Unadjusted
GMM weight matrix:     Robust

------------------------------------------------------------------------------
             |               Robust
           y |      Coef.   Std. Err.      z    P>|z|     [95% Conf. Interval]
-------------+----------------------------------------------------------------
y            |
           x |   .4199621   .1143385     3.67   0.000     .1958627    .6440615
       _cons |  -1.764816   .2759322    -6.40   0.000    -2.305633   -1.223999
-------------+----------------------------------------------------------------
x            |
          z1 |   .9174599   .1730034     5.30   0.000     .5783795     1.25654
          z2 |   1.066763   .1765785     6.04   0.000     .7206756    1.412851
          z3 |   .9295532   .1660914     5.60   0.000     .6040201    1.255086
       _cons |   .0817864   .2035786     0.40   0.688    -.3172202    .4807931
-------------+----------------------------------------------------------------
        /c_x |   .1639146   .1218836     1.34   0.179    -.0749729    .4028022
------------------------------------------------------------------------------
Instrumented:  x
Instruments:   z1 z2 z3

. scalar lmrr2 = _b[x]

. scalar selmrr2 = _se[x]

. ivtsri y (x = z1 z2 z3) if _n <= 250, link(logmult)

Final GMM criterion Q(b) =  3.34e-33

note: model is exactly identified

GMM estimation 

Number of parameters =   7
Number of moments    =   7
Initial weight matrix: Unadjusted                 Number of obs   =        250
GMM weight matrix:     Robust

------------------------------------------------------------------------------
             |               Robust
             |      Coef.   Std. Err.      z    P>|z|     [95% Conf. Interval]
-------------+----------------------------------------------------------------
    /s1xb_z1 |   .9174599   .1730034     5.30   0.000     .5783795     1.25654
    /s1xb_z2 |   1.066763   .1765785     6.04   0.000     .7206756    1.412851
    /s1xb_z3 |   .9295532   .1660914     5.60   0.000     .6040201    1.255086
         /a0 |   .0817864   .2035786     0.40   0.688    -.3172202    .4807931
         /b1 |   .4199621   .1143385     3.67   0.000     .1958627    .6440615
         /b2 |   .1639146   .1218836     1.34   0.179     -.074973    .4028022
         /b0 |  -1.764816   .2759322    -6.40   0.000    -2.305633   -1.223999
------------------------------------------------------------------------------
Instruments for equation 1: z1 z2 z3 _cons
Instruments for equation 2: x __000004 _cons

Causal risk ratio for: b1

 ( 1)  [b1]_cons = 0

------------------------------------------------------------------------------
             |     exp(b)   Std. Err.      z    P>|z|     [95% Conf. Interval]
-------------+----------------------------------------------------------------
         (1) |   1.521904   .1740122     3.67   0.000      1.21636    1.904199
------------------------------------------------------------------------------

Causal risk ratio for: b2

 ( 1)  [b2]_cons = 0

------------------------------------------------------------------------------
             |     exp(b)   Std. Err.      z    P>|z|     [95% Conf. Interval]
-------------+----------------------------------------------------------------
         (1) |   1.178114   .1435928     1.34   0.179     .9277686    1.496011
------------------------------------------------------------------------------

. assert abs(_b[b1:_cons] - scalar(lmrr2)) < 1e-2

. assert abs(_se[b1:_cons] - scalar(selmrr2)) < 1e-2

. 
. ivpoisson cfunction y w (x = z1 z2 z3), nolog

Final GMM criterion Q(b) =  6.86e-20

note: model is exactly identified

Exponential mean model with endogenous regressors

Number of parameters =   9                         Number of obs  =      2,500
Number of moments    =   9
Initial weight matrix: Unadjusted
GMM weight matrix:     Robust

------------------------------------------------------------------------------
             |               Robust
           y |      Coef.   Std. Err.      z    P>|z|     [95% Conf. Interval]
-------------+----------------------------------------------------------------
y            |
           w |   .5565686   .0578091     9.63   0.000     .4432648    .6698724
           x |   .4399661   .0476861     9.23   0.000     .3465031    .5334291
       _cons |  -2.019925   .1126677   -17.93   0.000    -2.240749     -1.7991
-------------+----------------------------------------------------------------
x            |
           w |   .9801363    .027334    35.86   0.000     .9265627     1.03371
          z1 |   .9882395   .0505573    19.55   0.000     .8891491     1.08733
          z2 |   .9152859   .0431149    21.23   0.000     .8307823    .9997895
          z3 |    .954388   .0404106    23.62   0.000     .8751847    1.033591
       _cons |   .0734396   .0541988     1.36   0.175    -.0327882    .1796673
-------------+----------------------------------------------------------------
        /c_x |   .2131522   .0477597     4.46   0.000     .1195449    .3067596
------------------------------------------------------------------------------
Instrumented:  x
Instruments:   w z1 z2 z3

. scalar lmrr3 = _b[x]

. scalar selmrr3 = _se[x]

. ivtsri y w (x = z1 z2 z3), link(logmult)

Final GMM criterion Q(b) =  4.68e-33

note: model is exactly identified

GMM estimation 

Number of parameters =   9
Number of moments    =   9
Initial weight matrix: Unadjusted                 Number of obs   =      2,500
GMM weight matrix:     Robust

------------------------------------------------------------------------------
             |               Robust
             |      Coef.   Std. Err.      z    P>|z|     [95% Conf. Interval]
-------------+----------------------------------------------------------------
    /s1xb_z1 |   .9882395   .0505573    19.55   0.000     .8891491     1.08733
    /s1xb_z2 |   .9152859   .0431149    21.23   0.000     .8307823    .9997895
    /s1xb_z3 |    .954388   .0404106    23.62   0.000     .8751847    1.033591
     /s1xb_w |   .9801363    .027334    35.86   0.000     .9265627     1.03371
         /a0 |   .0734396   .0541988     1.36   0.175    -.0327882    .1796673
         /b1 |   .4399661   .0476861     9.23   0.000     .3465031    .5334291
         /b2 |   .2131522   .0477597     4.46   0.000     .1195449    .3067596
 /s2exogxb_w |   .5565686   .0578091     9.63   0.000     .4432648    .6698724
         /b0 |  -2.019925   .1126677   -17.93   0.000    -2.240749     -1.7991
------------------------------------------------------------------------------
Instruments for equation 1: z1 z2 z3 w _cons
Instruments for equation 2: x __000004 w _cons

Causal risk ratio for: b1

 ( 1)  [b1]_cons = 0

------------------------------------------------------------------------------
             |     exp(b)   Std. Err.      z    P>|z|     [95% Conf. Interval]
-------------+----------------------------------------------------------------
         (1) |   1.552655     .07404     9.23   0.000     1.414114    1.704768
------------------------------------------------------------------------------

Causal risk ratio for: b2

 ( 1)  [b2]_cons = 0

------------------------------------------------------------------------------
             |     exp(b)   Std. Err.      z    P>|z|     [95% Conf. Interval]
-------------+----------------------------------------------------------------
         (1) |   1.237573   .0591062     4.46   0.000     1.126984    1.359014
------------------------------------------------------------------------------

. assert abs(_b[b1:_cons] - scalar(lmrr3)) < 1e-2

. assert abs(_se[b1:_cons] - scalar(selmrr3)) < 1e-2

. 
. ivtsri y (x = z1 z2 z3), link(logmult) estonly

------------------------------------------------------------------------------
             |                 OIM
           y |      Coef.   Std. Err.      z    P>|z|     [95% Conf. Interval]
-------------+----------------------------------------------------------------
           x |   .4135643   .0394492    10.48   0.000     .3362452    .4908833
    __000004 |   .3079002   .0450075     6.84   0.000     .2196871    .3961134
       _cons |  -1.914564   .0820983   -23.32   0.000    -2.075473   -1.753654
------------------------------------------------------------------------------

. ivtsri

------------------------------------------------------------------------------
             |                 OIM
           y |      Coef.   Std. Err.      z    P>|z|     [95% Conf. Interval]
-------------+----------------------------------------------------------------
           x |   .4135643   .0394492    10.48   0.000     .3362452    .4908833
    __000004 |   .3079002   .0450075     6.84   0.000     .2196871    .3961134
       _cons |  -1.914564   .0820983   -23.32   0.000    -2.075473   -1.753654
------------------------------------------------------------------------------

. mat b = e(b)

. assert abs(b[1,1] - scalar(lmrr1)) < 1e-2

. 
. // logit link
. 
. cap noi drop res

. regress x z1 z2 z3

      Source |       SS           df       MS      Number of obs   =     2,500
-------------+----------------------------------   F(3, 2496)      =    309.62
       Model |  2714.52663         3   904.84221   Prob > F        =    0.0000
    Residual |  7294.43352     2,496  2.92244933   R-squared       =    0.2712
-------------+----------------------------------   Adj R-squared   =    0.2703
       Total |  10008.9602     2,499  4.00518614   Root MSE        =    1.7095

------------------------------------------------------------------------------
           x |      Coef.   Std. Err.      t    P>|t|     [95% Conf. Interval]
-------------+----------------------------------------------------------------
          z1 |   .9945859   .0609026    16.33   0.000     .8751611    1.114011
          z2 |   .9540576   .0528847    18.04   0.000     .8503552     1.05776
          z3 |   .9554229    .050013    19.10   0.000     .8573517    1.053494
       _cons |   .0842244   .0669462     1.26   0.208    -.0470513    .2155001
------------------------------------------------------------------------------

. predict double res, res

. logit y x res

Iteration 0:   log likelihood = -1731.4565  
Iteration 1:   log likelihood = -1001.4692  
Iteration 2:   log likelihood = -1000.3137  
Iteration 3:   log likelihood = -1000.3111  
Iteration 4:   log likelihood = -1000.3111  

Logistic regression                             Number of obs     =      2,500
                                                LR chi2(2)        =    1462.29
                                                Prob > chi2       =     0.0000
Log likelihood = -1000.3111                     Pseudo R2         =     0.4223

------------------------------------------------------------------------------
           y |      Coef.   Std. Err.      z    P>|z|     [95% Conf. Interval]
-------------+----------------------------------------------------------------
           x |   .8518266   .0605198    14.08   0.000     .7332099    .9704432
         res |   .5726491   .0649931     8.81   0.000     .4452651    .7000332
       _cons |  -1.675875   .1247897   -13.43   0.000    -1.920458   -1.431292
------------------------------------------------------------------------------

. scalar lor1 = _b[x]

. scalar selor1 = _se[x]

. ivtsri y (x = z1 z2 z3), link(logit)

Final GMM criterion Q(b) =  3.97e-33

note: model is exactly identified

GMM estimation 

Number of parameters =   7
Number of moments    =   7
Initial weight matrix: Unadjusted                 Number of obs   =      2,500
GMM weight matrix:     Robust

------------------------------------------------------------------------------
             |               Robust
             |      Coef.   Std. Err.      z    P>|z|     [95% Conf. Interval]
-------------+----------------------------------------------------------------
    /s1xb_z1 |   .9945859   .0614877    16.18   0.000     .8740722      1.1151
    /s1xb_z2 |   .9540576   .0525572    18.15   0.000     .8510474    1.057068
    /s1xb_z3 |   .9554229   .0495052    19.30   0.000     .8583944    1.052451
         /a0 |   .0842244   .0675928     1.25   0.213    -.0482551    .2167039
         /b1 |   .8518266   .0648163    13.14   0.000      .724789    .9788641
         /b2 |   .5726491   .0694512     8.25   0.000     .4365273    .7087709
         /b0 |  -1.675875    .133441   -12.56   0.000    -1.937415   -1.414336
------------------------------------------------------------------------------
Instruments for equation 1: z1 z2 z3 _cons
Instruments for equation 2: x __000004 _cons

Causal odds ratio for: b1

 ( 1)  [b1]_cons = 0

------------------------------------------------------------------------------
             |     exp(b)   Std. Err.      z    P>|z|     [95% Conf. Interval]
-------------+----------------------------------------------------------------
         (1) |   2.343924   .1519244    13.14   0.000     2.064296    2.661431
------------------------------------------------------------------------------

Causal odds ratio for: b2

 ( 1)  [b2]_cons = 0

------------------------------------------------------------------------------
             |     exp(b)   Std. Err.      z    P>|z|     [95% Conf. Interval]
-------------+----------------------------------------------------------------
         (1) |   1.772958    .123134     8.25   0.000     1.547325    2.031493
------------------------------------------------------------------------------

. ivtsri

------------------------------------------------------------------------------
             |               Robust
             |      Coef.   Std. Err.      z    P>|z|     [95% Conf. Interval]
-------------+----------------------------------------------------------------
    /s1xb_z1 |   .9945859   .0614877    16.18   0.000     .8740722      1.1151
    /s1xb_z2 |   .9540576   .0525572    18.15   0.000     .8510474    1.057068
    /s1xb_z3 |   .9554229   .0495052    19.30   0.000     .8583944    1.052451
         /a0 |   .0842244   .0675928     1.25   0.213    -.0482551    .2167039
         /b1 |   .8518266   .0648163    13.14   0.000      .724789    .9788641
         /b2 |   .5726491   .0694512     8.25   0.000     .4365273    .7087709
         /b0 |  -1.675875    .133441   -12.56   0.000    -1.937415   -1.414336
------------------------------------------------------------------------------

Causal odds ratio for: b1

 ( 1)  [b1]_cons = 0

------------------------------------------------------------------------------
             |     exp(b)   Std. Err.      z    P>|z|     [95% Conf. Interval]
-------------+----------------------------------------------------------------
         (1) |   2.343924   .1519244    13.14   0.000     2.064296    2.661431
------------------------------------------------------------------------------

Causal odds ratio for: b2

 ( 1)  [b2]_cons = 0

------------------------------------------------------------------------------
             |     exp(b)   Std. Err.      z    P>|z|     [95% Conf. Interval]
-------------+----------------------------------------------------------------
         (1) |   1.772958    .123134     8.25   0.000     1.547325    2.031493
------------------------------------------------------------------------------

. assert abs(_b[b1:_cons] - scalar(lor1)) < 1e-2

. assert abs(_se[b1:_cons] - scalar(selor1)) < 1e-2

. 
. cap noi drop res

. regress x z1 z2 z3 if _n <= 100

      Source |       SS           df       MS      Number of obs   =       100
-------------+----------------------------------   F(3, 96)        =     11.91
       Model |  122.239349         3  40.7464497   Prob > F        =    0.0000
    Residual |  328.524824        96  3.42213358   R-squared       =    0.2712
-------------+----------------------------------   Adj R-squared   =    0.2484
       Total |  450.764173        99  4.55317346   Root MSE        =    1.8499

------------------------------------------------------------------------------
           x |      Coef.   Std. Err.      t    P>|t|     [95% Conf. Interval]
-------------+----------------------------------------------------------------
          z1 |    .820003   .3207528     2.56   0.012     .1833137    1.456692
          z2 |    1.41933   .3039049     4.67   0.000     .8160838    2.022577
          z3 |    .920567   .2938893     3.13   0.002     .3372012    1.503933
       _cons |  -.3875989    .404343    -0.96   0.340    -1.190214    .4150156
------------------------------------------------------------------------------

. predict double res if _n <= 100, res
(2,400 missing values generated)

. logit y x res if _n <= 100

Iteration 0:   log likelihood = -69.294717  
Iteration 1:   log likelihood = -31.418214  
Iteration 2:   log likelihood = -31.041788  
Iteration 3:   log likelihood = -31.040039  
Iteration 4:   log likelihood = -31.040038  

Logistic regression                             Number of obs     =        100
                                                LR chi2(2)        =      76.51
                                                Prob > chi2       =     0.0000
Log likelihood = -31.040038                     Pseudo R2         =     0.5521

------------------------------------------------------------------------------
           y |      Coef.   Std. Err.      z    P>|z|     [95% Conf. Interval]
-------------+----------------------------------------------------------------
           x |   1.078734   .3518077     3.07   0.002     .3892034    1.768264
         res |   .6217428   .3802096     1.64   0.102    -.1234544     1.36694
       _cons |  -1.790935   .6585132    -2.72   0.007    -3.081597   -.5002725
------------------------------------------------------------------------------

. scalar lor2 = _b[x]

. scalar selor2 = _se[x]

. ivtsri y (x = z1 z2 z3) if _n <= 100, link(logit)

Final GMM criterion Q(b) =  1.04e-32

note: model is exactly identified

GMM estimation 

Number of parameters =   7
Number of moments    =   7
Initial weight matrix: Unadjusted                 Number of obs   =        100
GMM weight matrix:     Robust

------------------------------------------------------------------------------
             |               Robust
             |      Coef.   Std. Err.      z    P>|z|     [95% Conf. Interval]
-------------+----------------------------------------------------------------
    /s1xb_z1 |    .820003   .3089263     2.65   0.008     .2145185    1.425487
    /s1xb_z2 |    1.41933   .3008394     4.72   0.000     .8296958    2.008964
    /s1xb_z3 |    .920567   .3021418     3.05   0.002       .32838    1.512754
         /a0 |  -.3875989   .3651993    -1.06   0.289    -1.103376    .3281786
         /b1 |   1.078734   .3247226     3.32   0.001     .4422894    1.715178
         /b2 |   .6217428   .3530592     1.76   0.078    -.0702404    1.313726
         /b0 |  -1.790935   .6476516    -2.77   0.006    -3.060309   -.5215611
------------------------------------------------------------------------------
Instruments for equation 1: z1 z2 z3 _cons
Instruments for equation 2: x __000004 _cons

Causal odds ratio for: b1

 ( 1)  [b1]_cons = 0

------------------------------------------------------------------------------
             |     exp(b)   Std. Err.      z    P>|z|     [95% Conf. Interval]
-------------+----------------------------------------------------------------
         (1) |   2.940954   .9549941     3.32   0.001     1.556266    5.557667
------------------------------------------------------------------------------

Causal odds ratio for: b2

 ( 1)  [b2]_cons = 0

------------------------------------------------------------------------------
             |     exp(b)   Std. Err.      z    P>|z|     [95% Conf. Interval]
-------------+----------------------------------------------------------------
         (1) |   1.862171   .6574564     1.76   0.078     .9321697    3.720009
------------------------------------------------------------------------------

. assert abs(_b[b1:_cons] - scalar(lor2)) < 1e-2

. assert abs(_se[b1:_cons] - scalar(selor2)) < 5e-2

. 
. cap noi drop res

. regress x z1 z2 z3 w

      Source |       SS           df       MS      Number of obs   =     2,500
-------------+----------------------------------   F(4, 2495)      =    656.78
       Model |  5133.54915         4  1283.38729   Prob > F        =    0.0000
    Residual |  4875.41101     2,495  1.95407255   R-squared       =    0.5129
-------------+----------------------------------   Adj R-squared   =    0.5121
       Total |  10008.9602     2,499  4.00518614   Root MSE        =    1.3979

------------------------------------------------------------------------------
           x |      Coef.   Std. Err.      t    P>|t|     [95% Conf. Interval]
-------------+----------------------------------------------------------------
          z1 |   .9882395   .0498007    19.84   0.000     .8905846    1.085894
          z2 |   .9152859   .0432582    21.16   0.000     .8304603    1.000111
          z3 |    .954388   .0408959    23.34   0.000     .8741945    1.034581
           w |   .9801363   .0278572    35.18   0.000     .9255108    1.034762
       _cons |   .0734396   .0547431     1.34   0.180     -.033907    .1807861
------------------------------------------------------------------------------

. predict double res, res

. logit y x res w

Iteration 0:   log likelihood = -1731.4565  
Iteration 1:   log likelihood = -973.08499  
Iteration 2:   log likelihood =  -969.8701  
Iteration 3:   log likelihood =  -969.8676  
Iteration 4:   log likelihood =  -969.8676  

Logistic regression                             Number of obs     =      2,500
                                                LR chi2(3)        =    1523.18
                                                Prob > chi2       =     0.0000
Log likelihood =  -969.8676                     Pseudo R2         =     0.4399

------------------------------------------------------------------------------
           y |      Coef.   Std. Err.      z    P>|z|     [95% Conf. Interval]
-------------+----------------------------------------------------------------
           x |   .8813906   .0628047    14.03   0.000     .7582957    1.004486
         res |   .4189215   .0696737     6.01   0.000     .2823637    .5554794
           w |   .9615452   .0849258    11.32   0.000     .7950937    1.127997
       _cons |  -1.771829   .1283181   -13.81   0.000    -2.023328   -1.520331
------------------------------------------------------------------------------

. scalar lor3 = _b[x]

. scalar selor3 = _se[x]

. ivtsri y w (x = z1 z2 z3), link(logit)

Final GMM criterion Q(b) =  3.21e-33

note: model is exactly identified

GMM estimation 

Number of parameters =   9
Number of moments    =   9
Initial weight matrix: Unadjusted                 Number of obs   =      2,500
GMM weight matrix:     Robust

------------------------------------------------------------------------------
             |               Robust
             |      Coef.   Std. Err.      z    P>|z|     [95% Conf. Interval]
-------------+----------------------------------------------------------------
    /s1xb_z1 |   .9882395   .0505573    19.55   0.000     .8891491     1.08733
    /s1xb_z2 |   .9152859   .0431149    21.23   0.000     .8307823    .9997895
    /s1xb_z3 |    .954388   .0404106    23.62   0.000     .8751847    1.033591
     /s1xb_w |   .9801363    .027334    35.86   0.000     .9265627     1.03371
         /a0 |   .0734396   .0541988     1.36   0.175    -.0327882    .1796673
         /b1 |   .8813906   .0655926    13.44   0.000     .7528315     1.00995
         /b2 |   .4189215   .0731088     5.73   0.000      .275631    .5622121
 /s2exogxb_w |   .9615452   .0879674    10.93   0.000     .7891322    1.133958
         /b0 |  -1.771829   .1332013   -13.30   0.000    -2.032899    -1.51076
------------------------------------------------------------------------------
Instruments for equation 1: z1 z2 z3 w _cons
Instruments for equation 2: x __000004 w _cons

Causal odds ratio for: b1

 ( 1)  [b1]_cons = 0

------------------------------------------------------------------------------
             |     exp(b)   Std. Err.      z    P>|z|     [95% Conf. Interval]
-------------+----------------------------------------------------------------
         (1) |   2.414255   .1583572    13.44   0.000     2.123003    2.745463
------------------------------------------------------------------------------

Causal odds ratio for: b2

 ( 1)  [b2]_cons = 0

------------------------------------------------------------------------------
             |     exp(b)   Std. Err.      z    P>|z|     [95% Conf. Interval]
-------------+----------------------------------------------------------------
         (1) |   1.520321   .1111488     5.73   0.000     1.317362    1.754549
------------------------------------------------------------------------------

. assert abs(_b[b1:_cons] - scalar(lor3)) < 1e-2

. assert abs(_se[b1:_cons] - scalar(selor3)) < 1e-2

. 
. ivtsri y (x = z1 z2 z3), link(logit) estonly

------------------------------------------------------------------------------
           y |      Coef.   Std. Err.      z    P>|z|     [95% Conf. Interval]
-------------+----------------------------------------------------------------
           x |   .8518266   .0605198    14.08   0.000       .73321    .9704431
    __000004 |   .5726491    .064993     8.81   0.000     .4452651    .7000331
       _cons |  -1.675875   .1247896   -13.43   0.000    -1.920458   -1.431292
------------------------------------------------------------------------------

. ivtsri

------------------------------------------------------------------------------
           y |      Coef.   Std. Err.      z    P>|z|     [95% Conf. Interval]
-------------+----------------------------------------------------------------
           x |   .8518266   .0605198    14.08   0.000       .73321    .9704431
    __000004 |   .5726491    .064993     8.81   0.000     .4452651    .7000331
       _cons |  -1.675875   .1247896   -13.43   0.000    -1.920458   -1.431292
------------------------------------------------------------------------------

. mat b = e(b)

. assert abs(b[1,1] - scalar(lor1)) < 1e-2

. 
. // check errors
. 
. rcof "noi ivtsri y w (x1 x2 = z1 z2 z3)" == 198
Currently, only 1 endogenous variable is allowed
invalid syntax

. 
end of do-file
      name:  ivtsri
       log:  /Users/tom/Documents/GitHub/ivonesamplemr/cscripts/ivtsri.log
  log type:  text
 closed on:  11 Sep 2021, 16:21:12
-------------------------------------------------------------------------------
-------------------------------------------------------------------------------
      name:  helpfiles
       log:  /Users/tom/Documents/GitHub/ivonesamplemr/cscripts/helpfiles.log
  log type:  text
 opened on:  11 Sep 2021, 16:21:12

. // render the helpfiles in the Results window, to check they are approx ok
. // 2021-09-06
. 
. local helpfiles ///
> ivonesamplemr ///
> ivasmm ///
> ivlsmm ///
> ivmsmm ///
> ivtsps ///
> ivtsri

. 
. foreach helpfile of local helpfiles {
  2.         type ../`helpfile'.sthlp
  3. }
Title

    ivonesamplemr -- commands for one-sample Mendelian randomization (MR) /
        instrumental variable (IV) analyses.

    https://github.com/remlapmot/ivonesamplemr#readme

Commands

      ivasmm        Is simply a helpfile linking to ivregress and ivreg2,
                      which as linear IV estimators fit the additive
                      structural mean model (ASMM), i.e. estimates a causal
                      risk difference for a binary outcome.

      ivlsmm        Fits the (double) logistic structural mean model (LSMM),
                      i.e. estimates a causal odds ratio for a binary
                      outcome.

      ivmsmm        Fits the multiplicative structural mean model (MSMM),
                      i.e. estimates a causal risk ratio for a binary
                      outcome.

      ivtsps        Fits two-stage predictor substitution (TSPS) estimators.

      ivtsri        Fits two-stage residual inclusion (TSRI) estimators.

      iv            Allows the use of the iv prefix, so call the commands as
                      e.g. iv lsmm ... instead of ivlsmm.

Description

    ivonesamplemr is a suite of programs implementing various instrumental
    variable (IV) estimators for individual level (a.k.a. one-sample) data.
    These are useful for Mendelian randomization (MR) analyses.

Author

INCLUDE help ivonesamplemr-author
Title

     ivasmm -- Additive structural mean model

Description

    ivasmm is not a command. This helpfile is to note that the additive
    structural mean model (ASMM) is simply fit with a linear IV estimator
    available in ivregress or ivreg2 or even implemented yourself with gmm.

For a binary outcome the ASMM estimates a causal risk difference.

Examples

    Simulate binary outcome data; y outcome, x exposure, w covariate, z*
    instrumental variables (genotypes).

        . drop _all
        . set obs 2500
        . set seed 12345
        . gen z1 = rbinomial(2, .2)
        . gen z2 = rbinomial(2, .3)
        . gen z3 = rbinomial(2, .4)
        . gen u = rnormal()
        . gen w = rnormal()
        . gen x = z1 + z2 + z3 + w + u + rnormal()
        . gen logitpy = -2 + x + w + u
        . gen py = invlogit(logitpy)
        . gen y = rbinomial(1, py)
        . gen x1 = x
        . gen x2 = rnormal()

    Fit the model with a single instrumental variable.

        . ivregress 2sls y (x = z1)

    Fit the model with multiple instruments.

        . ivregress 2sls y (x = z1 z2 z3)

    Fit the model with multiple exposures, and instruments, and adjusting for
    w.

        . ivregress 2sls y w (x1 x2 = z1 z2 z3)

References

    Clarke PS, Palmer TM, Windmeijer F. Estimating structural mean models
        with multiple instrumental variables using the Generalised Method of
        Moments. Statistical Science, 2015, 30, 1, 96-117.  DOI

    Robins JM. The analysis of randomised and nonrandomised AIDS treatment
        trials using a new approach to causal inference in longitudinal
        studies. In Health Service Research Methodology: A Focus on AIDS (L.
        Sechrest, H. Freeman and A. Mulley, eds.). 1989. 113159. US Public
        Health Service, National Center for Health Services Research,
        Washington, DC.


Author

INCLUDE help ivonesamplemr-author
Title

     ivlsmm -- (double) Logistic structural mean model

Syntax

        ivlsmm depvar [varlist1] (varlist2 = varlist_iv) [if] [in] [weight]
              [, options]

    varlist1 is the list of exogenous variables.

    varlist2 is the list of endogenous variables.

    varlist_iv is the list of exogenous variables used with varlist1 as
        instruments for varlist2.

    options               Description
    -------------------------------------------------------------------------
      amxb(lc:varlist)    The linear predictor for the association model, by
                            default the instruments and exogenous variables
                            are included
      from(matrix)        initial values for the parameter estimates for both
                            association and causal models
      level(#)            set confidence level; default is level(95)
      gmm_options         Options passed to gmm

Description

    ivlsmm implements the double logistic structural mean model (LSMM) of
    Vansteelandt and Goetghebeur (2003) which is a generalisation of the LSMM
    of Robins (1989).

    ivlsmm is implemented using a call to gmm.

Options

    level(#); see [R] estimation options.

Examples

    Simulate binary outcome data; y outcome, x exposure, w covariate, z*
    instrumental variables (genotypes).

        . drop _all
        . set obs 2500
        . set seed 12345
        . gen z1 = rbinomial(2, .2)
        . gen z2 = rbinomial(2, .3)
        . gen z3 = rbinomial(2, .4)
        . gen u = rnormal()
        . gen w = rnormal()
        . gen x = z1 + z2 + z3 + w + u + rnormal()
        . gen logitpy = -2 + x + w + u
        . gen py = invlogit(logitpy)
        . gen y = rbinomial(1, py)
        . gen x1 = x
        . gen x2 = rnormal()

    Fit the model with a single instrumental variable.

        . ivlsmm y (x = z1)

    Fit the model with multiple instruments.

        . ivlsmm y (x = z1 z2 z3)

    Fit the model with multiple exposures, and instruments, and adjusting for
    w.

        . ivlsmm y w (x1 x2 = z1 z2 z3)

Stored results

    ivlsmm stores the following in e():

    Scalars        
      e(df_r)             residual degrees of freedom (with tdist option)
      e(k)                number of instruments
      e(I2GX)             I^2_GX (with gxse() option)
      e(QGX)              Q_GX (with gxse() option)
      e(phi)              Scale parameter (root mean squared error)

    Macros         
      e(cmd)              lsmm
      e(cmdline)          command as typed

    Matrices       
      e(b)                coefficient vector
      e(V)                variance-covariance matrix of the estimates

    ivlsmm stores the following in r():

    Matrices       
      r(table)            Coefficient table with rownames: b, se, z, pvalue,
                            ll, ul, df, crit, eform

References

    Clarke PS, Palmer TM, Windmeijer F. Estimating structural mean models
        with multiple instrumental variables using the Generalised Method of
        Moments. Statistical Science, 2015, 30, 1, 96-117.  DOI

    Robins JM. The analysis of randomised and nonrandomised AIDS treatment
        trials using a new approach to causal inference in longitudinal
        studies. In Health Service Research Methodology: A Focus on AIDS (L.
        Sechrest, H. Freeman and A. Mulley, eds.). 1989. 113159. US Public
        Health Service, National Center for Health Services Research,
        Washington, DC.

    Vansteelandt S, Goetghebeur E.  Causal inference with generalized
        structural mean models.  2003, 65, 4, 817-835.  DOI


Author

INCLUDE help ivonesamplemr-author
Title

     ivmsmm -- Multiplicative structural mean model

Syntax

        ivmsmm depvar [varlist1] (varlist2 = varlist_iv) [if] [in] [weight]
              [, log noirr ivpoisson_options]

    varlist1 is the list of exogenous variables.

    varlist2 is the list of endogenous variables.

    varlist_iv is the list of exogenous variables used with varlist1 as
        instruments for varlist2.

    options               Description
    -------------------------------------------------------------------------
      noirr               Do not display exponentiated estimates
      log                 Show the GMM iteration log
      ivpoisson_options   ivpoisson##optionstbl

Description

    ivmsmm implements the multiplicative structural mean model (MSMM) of
    Robins (1989) as a wrapper to ivpoisson with the multiplicative option.
    ivpoisson performs generalized method of moments (GMM) estimation of the
    relevant moment condition using gmm.

Options

    Please see ivpoisson##options

Examples

    Simulate binary outcome data; y outcome, x exposure, w covariate, z*
    instrumental variables (genotypes).

        . drop _all
        . set obs 2500
        . set seed 12345
        . gen z1 = rbinomial(2, .2)
        . gen z2 = rbinomial(2, .3)
        . gen z3 = rbinomial(2, .4)
        . gen u = rnormal()
        . gen w = rnormal()
        . gen x = z1 + z2 + z3 + w + u + rnormal()
        . gen logitpy = -2 + x + w + u
        . gen py = invlogit(logitpy)
        . gen y = rbinomial(1, py)
        . gen x1 = x
        . gen x2 = rnormal()

    Fit the model with a single instrumental variable.

        . ivmsmm y (x = z1)

    Fit the model with multiple instruments.

        . ivmsmm y (x = z1 z2 z3)

    Fit the model with multiple exposures, and instruments, and adjusting for
    w.

        . ivmsmm y w (x1 x2 = z1 z2 z3)

Stored results

    Please see ivpoisson##results

References

    Cameron AC, Trivedi PK. Regression analysis of count data. 2nd ed. 2013.
        New York, Cambridge University Press.

    Clarke PS, Palmer TM, Windmeijer F. Estimating structural mean models
        with multiple instrumental variables using the Generalised Method of
        Moments. Statistical Science, 2015, 30, 1, 96-117.  DOI

    Hernn and Robins. Instruments for causal inference: An Epidemiologist's
        dream? Epidemiology, 2006, 17, 360-372.  DOI

    Mullahy J. Instrumental-variable estimation of count data models:
        applications to models of cigarette smoking and behavior. The Review
        of Economics and Statistics. 1997, 79, 4, 586-593.  DOI

    Nichols A. ivpois: Stata module for IV/GMM Poisson regression. 2007. URL

    Robins JM. The analysis of randomised and nonrandomised AIDS treatment
        trials using a new approach to causal inference in longitudinal
        studies. In Health Service Research Methodology: A Focus on AIDS (L.
        Sechrest, H. Freeman and A. Mulley, eds.). 1989. 113159. US Public
        Health Service, National Center for Health Services Research,
        Washington, DC.

    StataCorp. Stata Base Reference Manual. Release 13. ivpoisson - Poisson
        model with continuous endogenous covariates. 2013.  URL

    Windmeijer FAG, Santos Silva JMC. Endogeneity in Count Data Models: An
        Application to Demand for Health Care. Journal of Applied
        Econometrics. 1997, 12, 3, 281-294.  DOI

    Windmeijer, F. ExpEnd, A Gauss programme for non-linear GMM estimation of
        EXPonential models with ENDogenous regressors for cross section and
        panel data. CEMMAP working paper CWP14/02. 2002.  URL


Author

INCLUDE help ivonesamplemr-author
Title

     ivtsps -- Two-stage predictor substitution estimators

Syntax

        ivtsps depvar [varlist1] (varlist2 = varlist_iv) [if] [in] [weight]
              [, log noirr gmm_options]

    varlist1 is the list of exogenous variables.

    varlist2 is the list of endogenous variables.

    varlist_iv is the list of exogenous variables used with varlist1 as
        instruments for varlist2.

    options               Description
    -------------------------------------------------------------------------
      noirr               Do not display exponentiated estimates
      log                 Show the GMM iteration log
      gmm_options         gmm##options

Description

    ivtsps implements two-stage predictor substitution (TSPS) estimators with
    several link functions (identity, log-additive, log-multiplicative,
    logit). It is implemented using generalized method of moments (GMM)
    estimation by passing the relevant moment condition to the gmm command.

Options

    Please see gmm##options

Examples

    Simulate binary outcome data; y outcome, x exposure, w covariate, z*
    instrumental variables (genotypes).

        . drop _all
        . set obs 2500
        . set seed 12345
        . gen z1 = rbinomial(2, .2)
        . gen z2 = rbinomial(2, .3)
        . gen z3 = rbinomial(2, .4)
        . gen u = rnormal()
        . gen w = rnormal()
        . gen x = z1 + z2 + z3 + w + u + rnormal()
        . gen logitpy = -2 + x + w + u
        . gen py = invlogit(logitpy)
        . gen y = rbinomial(1, py)
        . gen x1 = x
        . gen x2 = rnormal()

    Fit the model with a single instrumental variable.

        . ivtsps y (x = z1)

    Fit the model with multiple instruments.

        . ivtsps y (x = z1 z2 z3)

    Fit the model with multiple instruments, and adjusting for w.

        . ivtsps y w (x = z1 z2 z3)

    Using the log additive link function.

        . ivtsps y (x = z1 z2 z3), link(logadd)

    Using the log multiplicative link function.

        . ivtsps y (x = z1 z2 z3), link(logmult)

    Using the logit link function.

        . ivtsps y (x = z1 z2 z3), link(logit)

Stored results

    Please see gmm##results

References

    Terza JV, Basu A, Rathouz PJ. 2008.  Two-stage residual inclusion
        estimation:  Addressing endogeneity in health econometric modeling.
        Journal of Health Economics 27: 531543.  DOI


Author

INCLUDE help ivonesamplemr-author
Title

     ivtsri -- Two-stage residual inclusion estimators

Syntax

        ivtsri depvar [varlist1] (varlist2 = varlist_iv) [if] [in] [weight]
              [, log noirr gmm_options]

    varlist1 is the list of exogenous variables.

    varlist2 is the list of endogenous variables.

    varlist_iv is the list of exogenous variables used with varlist1 as
        instruments for varlist2.

    options               Description
    -------------------------------------------------------------------------
      noirr               Do not display exponentiated estimates
      log                 Show the GMM iteration log
      gmm_options         gmm##options

Description

    ivtsri implements two-stage residual inclusion (TSRI) estimators with
    several link functions (identity, log-additive, log-multiplicative,
    logit). It is implemented using generalized method of moments (GMM)
    estimation by passing the relevant moment condition to the gmm command.

Options

    Please see gmm##options

Examples

    Simulate binary outcome data; y outcome, x exposure, w covariate, z*
    instrumental variables (genotypes).

        . drop _all
        . set obs 2500
        . set seed 12345
        . gen z1 = rbinomial(2, .2)
        . gen z2 = rbinomial(2, .3)
        . gen z3 = rbinomial(2, .4)
        . gen u = rnormal()
        . gen w = rnormal()
        . gen x = z1 + z2 + z3 + w + u + rnormal()
        . gen logitpy = -2 + x + w + u
        . gen py = invlogit(logitpy)
        . gen y = rbinomial(1, py)
        . gen x1 = x
        . gen x2 = rnormal()

    Fit the model with a single instrumental variable.

        . ivtsri y (x = z1)

    Fit the model with multiple instruments.

        . ivtsri y (x = z1 z2 z3)

    Fit the model with multiple instruments, and adjusting for w.

        . ivtsri y w (x = z1 z2 z3)

    Using the log additive link function.

        . ivtsri y (x = z1 z2 z3), link(logadd)

    Using the log multiplicative link function.

        . ivtsri y (x = z1 z2 z3), link(logmult)

    Using the logit link function.

        . ivtsri y (x = z1 z2 z3), link(logit)

Stored results

    Please see gmm##results

References

    Bowden J, Vansteelandt S.  Mendelian randomization analysis of
        case-control data using structural mean models.  Statistics in
        Medicine, 2011, 30, 6, 678-694.  DOI

    Palmer T, Thompson JR, Tobin MD, Sheehan NA, Burton PR.  Adjusting for
        bias and unmeasured confounding in Mendelian randomization studies
        with binary responses.  International Journal of Epidemiology, 2008,
        37, 5, 1161-1168.  DOI

    Terza JV, Basu A, Rathouz PJ.  Two-stage residual inclusion estimation:
        Addressing endogeneity in health econometric modeling.  Journal of
        Health Economics. 2008, 27, 3, 531543.  DOI


Author

INCLUDE help ivonesamplemr-author

. 
end of do-file
      name:  helpfiles
       log:  /Users/tom/Documents/GitHub/ivonesamplemr/cscripts/helpfiles.log
  log type:  text
 closed on:  11 Sep 2021, 16:21:12
-------------------------------------------------------------------------------

. 
. log close _all
      name:  master
       log:  /Users/tom/Documents/GitHub/ivonesamplemr/cscripts/master.log
  log type:  text
 closed on:  11 Sep 2021, 16:21:12
-------------------------------------------------------------------------------
